Component: ARM Compiler 5.06 update 6 (build 750) Tool: armlink [4d35ed]

==============================================================================

Section Cross References

    app.o(i.main) refers to gd32c10x_hw.o(i.usb_rcu_config) for usb_rcu_config
    app.o(i.main) refers to gd32c10x_hw.o(i.usb_timer_init) for usb_timer_init
    app.o(i.main) refers to usbd_core.o(i.usbd_init) for usbd_init
    app.o(i.main) refers to gd32c10x_hw.o(i.usb_intr_config) for usb_intr_config
    app.o(i.main) refers to gd32c10x_rcu.o(i.rcu_periph_clock_enable) for rcu_periph_clock_enable
    app.o(i.main) refers to gd32c10x_hw.o(i.ctc_config) for ctc_config
    app.o(i.main) refers to gd32c10x_ctc.o(i.ctc_flag_get) for ctc_flag_get
    app.o(i.main) refers to timer.o(i.TIM5_config) for TIM5_config
    app.o(i.main) refers to timer.o(i.TIM6_config) for TIM6_config
    app.o(i.main) refers to bsp.o(i.Led_Init) for Led_Init
    app.o(i.main) refers to bsp.o(i.Adc_Init) for Adc_Init
    app.o(i.main) refers to vpwm.o(i.J1850PWM_Init) for J1850PWM_Init
    app.o(i.main) refers to vpwm.o(i.J1850_PWM_SendFrame) for J1850_PWM_SendFrame
    app.o(i.main) refers to timer.o(i.Delay_ms) for Delay_ms
    app.o(i.main) refers to cdc_acm_core.o(.data) for iRxUsbLen
    app.o(i.main) refers to app.o(.bss) for cdc_acm
    app.o(i.main) refers to bsp.o(.data) for iHBitSum
    gd32c10x_hw.o(i.ctc_config) refers to gd32c10x_ctc.o(i.ctc_refsource_prescaler_config) for ctc_refsource_prescaler_config
    gd32c10x_hw.o(i.ctc_config) refers to gd32c10x_ctc.o(i.ctc_refsource_signal_select) for ctc_refsource_signal_select
    gd32c10x_hw.o(i.ctc_config) refers to gd32c10x_ctc.o(i.ctc_refsource_polarity_config) for ctc_refsource_polarity_config
    gd32c10x_hw.o(i.ctc_config) refers to gd32c10x_ctc.o(i.ctc_hardware_trim_mode_config) for ctc_hardware_trim_mode_config
    gd32c10x_hw.o(i.ctc_config) refers to gd32c10x_ctc.o(i.ctc_counter_reload_value_config) for ctc_counter_reload_value_config
    gd32c10x_hw.o(i.ctc_config) refers to gd32c10x_ctc.o(i.ctc_clock_limit_value_config) for ctc_clock_limit_value_config
    gd32c10x_hw.o(i.ctc_config) refers to gd32c10x_ctc.o(i.ctc_counter_enable) for ctc_counter_enable
    gd32c10x_hw.o(i.hw_delay) refers to gd32c10x_hw.o(i.hw_time_set) for hw_time_set
    gd32c10x_hw.o(i.hw_delay) refers to gd32c10x_timer.o(i.timer_disable) for timer_disable
    gd32c10x_hw.o(i.hw_delay) refers to gd32c10x_hw.o(.data) for delay_time
    gd32c10x_hw.o(i.hw_time_set) refers to gd32c10x_timer.o(i.timer_disable) for timer_disable
    gd32c10x_hw.o(i.hw_time_set) refers to gd32c10x_timer.o(i.timer_interrupt_disable) for timer_interrupt_disable
    gd32c10x_hw.o(i.hw_time_set) refers to gd32c10x_timer.o(i.timer_init) for timer_init
    gd32c10x_hw.o(i.hw_time_set) refers to gd32c10x_timer.o(i.timer_interrupt_flag_clear) for timer_interrupt_flag_clear
    gd32c10x_hw.o(i.hw_time_set) refers to gd32c10x_timer.o(i.timer_auto_reload_shadow_enable) for timer_auto_reload_shadow_enable
    gd32c10x_hw.o(i.hw_time_set) refers to gd32c10x_timer.o(i.timer_interrupt_enable) for timer_interrupt_enable
    gd32c10x_hw.o(i.hw_time_set) refers to gd32c10x_timer.o(i.timer_enable) for timer_enable
    gd32c10x_hw.o(i.hw_time_set) refers to gd32c10x_hw.o(.data) for timer_prescaler
    gd32c10x_hw.o(i.usb_intr_config) refers to gd32c10x_misc.o(i.nvic_priority_group_set) for nvic_priority_group_set
    gd32c10x_hw.o(i.usb_intr_config) refers to gd32c10x_misc.o(i.nvic_irq_enable) for nvic_irq_enable
    gd32c10x_hw.o(i.usb_intr_config) refers to gd32c10x_rcu.o(i.rcu_periph_clock_enable) for rcu_periph_clock_enable
    gd32c10x_hw.o(i.usb_intr_config) refers to gd32c10x_exti.o(i.exti_interrupt_flag_clear) for exti_interrupt_flag_clear
    gd32c10x_hw.o(i.usb_intr_config) refers to gd32c10x_exti.o(i.exti_init) for exti_init
    gd32c10x_hw.o(i.usb_intr_config) refers to gd32c10x_exti.o(i.exti_interrupt_enable) for exti_interrupt_enable
    gd32c10x_hw.o(i.usb_mdelay) refers to gd32c10x_hw.o(i.hw_delay) for hw_delay
    gd32c10x_hw.o(i.usb_rcu_config) refers to gd32c10x_rcu.o(i.rcu_clock_freq_get) for rcu_clock_freq_get
    gd32c10x_hw.o(i.usb_rcu_config) refers to gd32c10x_rcu.o(i.rcu_osci_on) for rcu_osci_on
    gd32c10x_hw.o(i.usb_rcu_config) refers to gd32c10x_rcu.o(i.rcu_osci_stab_wait) for rcu_osci_stab_wait
    gd32c10x_hw.o(i.usb_rcu_config) refers to gd32c10x_rcu.o(i.rcu_ck48m_clock_config) for rcu_ck48m_clock_config
    gd32c10x_hw.o(i.usb_rcu_config) refers to gd32c10x_rcu.o(i.rcu_periph_clock_enable) for rcu_periph_clock_enable
    gd32c10x_hw.o(i.usb_rcu_config) refers to gd32c10x_hw.o(.data) for timer_prescaler
    gd32c10x_hw.o(i.usb_timer_init) refers to gd32c10x_misc.o(i.nvic_vector_table_set) for nvic_vector_table_set
    gd32c10x_hw.o(i.usb_timer_init) refers to gd32c10x_misc.o(i.nvic_priority_group_set) for nvic_priority_group_set
[...]
    i.rcu_flag_get                           0x08002708   Section        0  gd32c10x_rcu.o(i.rcu_flag_get)
    i.rcu_osci_on                            0x0800272c   Section        0  gd32c10x_rcu.o(i.rcu_osci_on)
    i.rcu_osci_stab_wait                     0x0800274c   Section        0  gd32c10x_rcu.o(i.rcu_osci_stab_wait)
    i.rcu_periph_clock_enable                0x080028a8   Section        0  gd32c10x_rcu.o(i.rcu_periph_clock_enable)
    i.rcu_periph_reset_disable               0x080028c8   Section        0  gd32c10x_rcu.o(i.rcu_periph_reset_disable)
    i.rcu_periph_reset_enable                0x080028e8   Section        0  gd32c10x_rcu.o(i.rcu_periph_reset_enable)
    i.rcu_usb_clock_config                   0x08002908   Section        0  gd32c10x_rcu.o(i.rcu_usb_clock_config)
    i.serial_string_get                      0x08002920   Section        0  usbd_enum.o(i.serial_string_get)
    i.system_clock_120m_hxtal                0x0800296c   Section        0  system_gd32c10x.o(i.system_clock_120m_hxtal)
    system_clock_120m_hxtal                  0x0800296d   Thumb Code   226  system_gd32c10x.o(i.system_clock_120m_hxtal)
    i.system_clock_config                    0x08002a68   Section        0  system_gd32c10x.o(i.system_clock_config)
    system_clock_config                      0x08002a69   Thumb Code     8  system_gd32c10x.o(i.system_clock_config)
    i.timer_auto_reload_shadow_enable        0x08002a70   Section        0  gd32c10x_timer.o(i.timer_auto_reload_shadow_enable)
    i.timer_channel_capture_value_register_read 0x08002a7a   Section        0  gd32c10x_timer.o(i.timer_channel_capture_value_register_read)
    i.timer_channel_input_capture_prescaler_config 0x08002aa4   Section        0  gd32c10x_timer.o(i.timer_channel_input_capture_prescaler_config)
    i.timer_channel_input_struct_para_init   0x08002afe   Section        0  gd32c10x_timer.o(i.timer_channel_input_struct_para_init)
    i.timer_channel_output_config            0x08002b10   Section        0  gd32c10x_timer.o(i.timer_channel_output_config)
    i.timer_channel_output_mode_config       0x08002cfc   Section        0  gd32c10x_timer.o(i.timer_channel_output_mode_config)
    i.timer_channel_output_polarity_config   0x08002d56   Section        0  gd32c10x_timer.o(i.timer_channel_output_polarity_config)
    i.timer_channel_output_pulse_value_config 0x08002db2   Section        0  gd32c10x_timer.o(i.timer_channel_output_pulse_value_config)
    i.timer_channel_output_shadow_config     0x08002dd8   Section        0  gd32c10x_timer.o(i.timer_channel_output_shadow_config)
    i.timer_channel_output_struct_para_init  0x08002e32   Section        0  gd32c10x_timer.o(i.timer_channel_output_struct_para_init)
    i.timer_counter_read                     0x08002e42   Section        0  gd32c10x_timer.o(i.timer_counter_read)
    i.timer_counter_value_config             0x08002e4a   Section        0  gd32c10x_timer.o(i.timer_counter_value_config)
    i.timer_deinit                           0x08002e50   Section        0  gd32c10x_timer.o(i.timer_deinit)
    i.timer_disable                          0x08002fd4   Section        0  gd32c10x_timer.o(i.timer_disable)
    i.timer_enable                           0x08002fde   Section        0  gd32c10x_timer.o(i.timer_enable)
    i.timer_flag_clear                       0x08002fe8   Section        0  gd32c10x_timer.o(i.timer_flag_clear)
    i.timer_flag_get                         0x08002fee   Section        0  gd32c10x_timer.o(i.timer_flag_get)
    i.timer_init                             0x08003000   Section        0  gd32c10x_timer.o(i.timer_init)
    i.timer_input_capture_config             0x080030a4   Section        0  gd32c10x_timer.o(i.timer_input_capture_config)
    i.timer_interrupt_disable                0x080031ea   Section        0  gd32c10x_timer.o(i.timer_interrupt_disable)
    i.timer_interrupt_enable                 0x080031f2   Section        0  gd32c10x_timer.o(i.timer_interrupt_enable)
    i.timer_interrupt_flag_clear             0x080031fa   Section        0  gd32c10x_timer.o(i.timer_interrupt_flag_clear)
    i.timer_interrupt_flag_get               0x08003200   Section        0  gd32c10x_timer.o(i.timer_interrupt_flag_get)
    i.timer_struct_para_init                 0x08003218   Section        0  gd32c10x_timer.o(i.timer_struct_para_init)
    i.usart_data_receive                     0x0800322e   Section        0  gd32c10x_usart.o(i.usart_data_receive)
    i.usart_interrupt_flag_clear             0x08003238   Section        0  gd32c10x_usart.o(i.usart_interrupt_flag_clear)
    i.usart_interrupt_flag_get               0x08003252   Section        0  gd32c10x_usart.o(i.usart_interrupt_flag_get)
    i.usb_basic_init                         0x0800328a   Section        0  drv_usb_core.o(i.usb_basic_init)
    i.usb_clock_active                       0x08003364   Section        0  drv_usb_dev.o(i.usb_clock_active)
    i.usb_core_init                          0x08003384   Section        0  drv_usb_core.o(i.usb_core_init)
    i.usb_core_reset                         0x0800343c   Section        0  drv_usb_core.o(i.usb_core_reset)
    usb_core_reset                           0x0800343d   Thumb Code    38  drv_usb_core.o(i.usb_core_reset)
    i.usb_ctlep_startout                     0x08003464   Section        0  drv_usb_dev.o(i.usb_ctlep_startout)
    i.usb_curmode_set                        0x0800348c   Section        0  drv_usb_core.o(i.usb_curmode_set)
    i.usb_devcore_init                       0x080034bc   Section        0  drv_usb_dev.o(i.usb_devcore_init)
    i.usb_devint_enable                      0x0800360c   Section        0  drv_usb_dev.o(i.usb_devint_enable)
    i.usb_iepintr_read                       0x0800364c   Section        0  drv_usb_dev.o(i.usb_iepintr_read)
    i.usb_intr_config                        0x08003676   Section        0  gd32c10x_hw.o(i.usb_intr_config)
    i.usb_mdelay                             0x080036ba   Section        0  gd32c10x_hw.o(i.usb_mdelay)
    i.usb_rcu_config                         0x080036c8   Section        0  gd32c10x_hw.o(i.usb_rcu_config)
    i.usb_rxfifo_flush                       0x08003764   Section        0  drv_usb_core.o(i.usb_rxfifo_flush)
    i.usb_rxfifo_read                        0x08003786   Section        0  drv_usb_core.o(i.usb_rxfifo_read)
    i.usb_set_txfifo                         0x080037a4   Section        0  drv_usb_core.o(i.usb_set_txfifo)
    i.usb_timer_init                         0x080037ec   Section        0  gd32c10x_hw.o(i.usb_timer_init)
    i.usb_timer_irq                          0x08003814   Section        0  gd32c10x_hw.o(i.usb_timer_irq)
    i.usb_transc_active                      0x0800384c   Section        0  drv_usb_dev.o(i.usb_transc_active)
    i.usb_transc_clrstall                    0x080038e4   Section        0  drv_usb_dev.o(i.usb_transc_clrstall)
    i.usb_transc_deactivate                  0x08003928   Section        0  drv_usb_dev.o(i.usb_transc_deactivate)
    i.usb_transc_inxfer                      0x0800398c   Section        0  drv_usb_dev.o(i.usb_transc_inxfer)
    i.usb_transc_outxfer                     0x08003a98   Section        0  drv_usb_dev.o(i.usb_transc_outxfer)
    i.usb_transc_stall                       0x08003b28   Section        0  drv_usb_dev.o(i.usb_transc_stall)
    i.usb_txfifo_flush                       0x08003b6a   Section        0  drv_usb_core.o(i.usb_txfifo_flush)
    i.usb_txfifo_write                       0x08003b92   Section        0  drv_usb_core.o(i.usb_txfifo_write)
    i.usb_udelay                             0x08003bb4   Section        0  gd32c10x_hw.o(i.usb_udelay)
    i.usbd_class_request                     0x08003bc2   Section        0  usbd_enum.o(i.usbd_class_request)
    i.usbd_connect                           0x08003be8   Section        0  usbd_core.o(i.usbd_connect)
    i.usbd_ctl_recev                         0x08003c04   Section        0  usbd_transc.o(i.usbd_ctl_recev)
    i.usbd_ctl_send                          0x08003c32   Section        0  usbd_transc.o(i.usbd_ctl_send)
    i.usbd_ctl_status_recev                  0x08003c60   Section        0  usbd_transc.o(i.usbd_ctl_status_recev)
    i.usbd_ctl_status_send                   0x08003c80   Section        0  usbd_transc.o(i.usbd_ctl_status_send)
    i.usbd_disconnect                        0x08003ca0   Section        0  usbd_core.o(i.usbd_disconnect)
    i.usbd_emptytxfifo_write                 0x08003cbc   Section        0  drv_usbd_int.o(i.usbd_emptytxfifo_write)
    usbd_emptytxfifo_write                   0x08003cbd   Thumb Code   140  drv_usbd_int.o(i.usbd_emptytxfifo_write)
    i.usbd_enum_error                        0x08003d48   Section        0  usbd_enum.o(i.usbd_enum_error)
    i.usbd_ep_clear                          0x08003d66   Section        0  usbd_core.o(i.usbd_ep_clear)
    i.usbd_ep_recev                          0x08003d9a   Section        0  usbd_core.o(i.usbd_ep_recev)
    i.usbd_ep_send                           0x08003dd6   Section        0  usbd_core.o(i.usbd_ep_send)
    i.usbd_ep_setup                          0x08003e14   Section        0  usbd_core.o(i.usbd_ep_setup)
    i.usbd_ep_stall                          0x08003e84   Section        0  usbd_core.o(i.usbd_ep_stall)
    i.usbd_ep_stall_clear                    0x08003ebe   Section        0  usbd_core.o(i.usbd_ep_stall_clear)
    i.usbd_in_transc                         0x08003ef8   Section        0  usbd_transc.o(i.usbd_in_transc)
    i.usbd_init                              0x08003f98   Section        0  usbd_core.o(i.usbd_init)
    i.usbd_int_enumfinish                    0x08004014   Section        0  drv_usbd_int.o(i.usbd_int_enumfinish)
    usbd_int_enumfinish                      0x08004015   Thumb Code    98  drv_usbd_int.o(i.usbd_int_enumfinish)
    i.usbd_int_epin                          0x0800407c   Section        0  drv_usbd_int.o(i.usbd_int_epin)
    usbd_int_epin                            0x0800407d   Thumb Code   138  drv_usbd_int.o(i.usbd_int_epin)
    i.usbd_int_epout                         0x08004106   Section        0  drv_usbd_int.o(i.usbd_int_epout)
    usbd_int_epout                           0x08004107   Thumb Code   206  drv_usbd_int.o(i.usbd_int_epout)
    i.usbd_int_reset                         0x080041d4   Section        0  drv_usbd_int.o(i.usbd_int_reset)
    usbd_int_reset                           0x080041d5   Thumb Code   208  drv_usbd_int.o(i.usbd_int_reset)
    i.usbd_int_rxfifo                        0x080042ac   Section        0  drv_usbd_int.o(i.usbd_int_rxfifo)
    usbd_int_rxfifo                          0x080042ad   Thumb Code   178  drv_usbd_int.o(i.usbd_int_rxfifo)
    i.usbd_int_suspend                       0x0800435e   Section        0  drv_usbd_int.o(i.usbd_int_suspend)
    usbd_int_suspend                         0x0800435f   Thumb Code   102  drv_usbd_int.o(i.usbd_int_suspend)
    i.usbd_isr                               0x080043c4   Section        0  drv_usbd_int.o(i.usbd_isr)
    i.usbd_out_transc                        0x080044a2   Section        0  usbd_transc.o(i.usbd_out_transc)
    i.usbd_setup_transc                      0x08004526   Section        0  usbd_transc.o(i.usbd_setup_transc)
    i.usbd_standard_request                  0x080045ac   Section        0  usbd_enum.o(i.usbd_standard_request)
    i.usbd_vendor_request                    0x080045c8   Section        0  usbd_enum.o(i.usbd_vendor_request)
    x$fpl$fpinit                             0x080045ce   Section       10  fpinit.o(x$fpl$fpinit)
    $v0                                      0x080045ce   Number         0  fpinit.o(x$fpl$fpinit)
    .constdata                               0x080045d8   Section      216  gd32c10x_can.o(.constdata)
    timing_pts                               0x080045e0   Data         184  gd32c10x_can.o(.constdata)
    .constdata                               0x080046b0   Section        4  drv_usb_dev.o(.constdata)
    EP0_MAXLEN                               0x080046b0   Data           4  drv_usb_dev.o(.constdata)
    .constdata                               0x080046b4   Section       60  drv_usbd_int.o(.constdata)
    USB_SPEED                                0x080046b4   Data           4  drv_usbd_int.o(.constdata)
    <Data1>                                  0x080046b8   Data          28  drv_usbd_int.o(.constdata)
    <Data2>                                  0x080046d4   Data          28  drv_usbd_int.o(.constdata)
    .constdata                               0x080046f0   Section       16  usbd_core.o(.constdata)
    .constdata                               0x08004700   Section      375  cdc_acm_core.o(.constdata)
    usbd_language_id_desc                    0x08004755   Data           4  cdc_acm_core.o(.constdata)
    manufacturer_string                      0x08004759   Data         130  cdc_acm_core.o(.constdata)
    product_string                           0x080047db   Data         130  cdc_acm_core.o(.constdata)
    .data                                    0x20000000   Section       12  gd32c10x_hw.o(.data)
    .data                                    0x2000000c   Section        1  gd32c10x_it.o(.data)
    Old_val1                                 0x2000000c   Data           1  gd32c10x_it.o(.data)
    .data                                    0x2000000e   Section        8  drv_usb_dev.o(.data)
    USBFS_TX_FIFO_SIZE                       0x2000000e   Data           8  drv_usb_dev.o(.data)
    .data                                    0x20000018   Section       67  usbd_enum.o(.data)
    _std_dev_req                             0x20000018   Data          52  usbd_enum.o(.data)
    std_desc_get                             0x2000004c   Data          12  usbd_enum.o(.data)
    status                                   0x20000058   Data           2  usbd_enum.o(.data)
    config                                   0x2000005a   Data           1  usbd_enum.o(.data)
    .data                                    0x2000005c   Section      216  cdc_acm_core.o(.data)
    serial_string                            0x20000071   Data         130  cdc_acm_core.o(.data)
    .data                                    0x20000134   Section       71  bsp.o(.data)
    .data                                    0x2000017c   Section       17  vpwm.o(.data)
    g_iDelayTime                             0x2000017c   Data           4  vpwm.o(.data)
    dat                                      0x20000181   Data           6  vpwm.o(.data)
    dat1                                     0x20000187   Data           6  vpwm.o(.data)
    .bss                                     0x20000190   Section     1084  app.o(.bss)
    .bss                                     0x200005cc   Section       16  gd32c10x_pmu.o(.bss)
    reg_snap                                 0x200005cc   Data          16  gd32c10x_pmu.o(.bss)
    .bss                                     0x200005dc   Section      100  cdc_acm_core.o(.bss)
    cdc_handler                              0x200005e8   Data          88  cdc_acm_core.o(.bss)
    .bss                                     0x20000640   Section    16360  bsp.o(.bss)
    .bss                                     0x20004628   Section     2928  vpwm.o(.bss)
    .bss                                     0x20005198   Section       96  libspace.o(.bss)
    HEAP                                     0x200051f8   Section     1024  startup_gd32c10x.o(HEAP)
    Heap_Mem                                 0x200051f8   Data        1024  startup_gd32c10x.o(HEAP)
    STACK                                    0x200055f8   Section     1024  startup_gd32c10x.o(STACK)
    Stack_Mem                                0x200055f8   Data        1024  startup_gd32c10x.o(STACK)
    __initial_sp                             0x200059f8   Data           0  startup_gd32c10x.o(STACK)

    Global Symbols

    Symbol Name                              Value     Ov Type        Size  Object(Section)

    BuildAttributes$$THM_ISAv4$E$P$D$K$B$S$7EM$VFPi3$EXTD16$VFPS$VFMA$PE$A:L22UL41UL21$X:L11$S22US41US21$IEEE1$IW$USESV6$~STKCKD$USESV7$~SHL$OSPACE$ROPI$EBA8$UX$STANDARDLIB$REQ8$PRES8$EABIv2 0x00000000   Number         0  anon$$obj.o ABSOLUTE
    __ARM_use_no_argv                        0x00000000   Number         0  app.o ABSOLUTE
    __ARM_exceptions_init                     - Undefined Weak Reference
    __alloca_initialize                       - Undefined Weak Reference
    __arm_preinit_                            - Undefined Weak Reference
    __cpp_initialize__aeabi_                  - Undefined Weak Reference
    __cxa_finalize                            - Undefined Weak Reference
    __rt_locale                               - Undefined Weak Reference
    __sigvec_lookup                           - Undefined Weak Reference
    _atexit_init                              - Undefined Weak Reference
    _call_atexit_fns                          - Undefined Weak Reference
    _clock_init                               - Undefined Weak Reference
    _fp_trap_init                             - Undefined Weak Reference
    _fp_trap_shutdown                         - Undefined Weak Reference
    _get_lc_collate                           - Undefined Weak Reference
    _get_lc_ctype                             - Undefined Weak Reference
    _get_lc_monetary                          - Undefined Weak Reference
    _get_lc_numeric                           - Undefined Weak Reference
    _get_lc_time                              - Undefined Weak Reference
    _getenv_init                              - Undefined Weak Reference
    _handle_redirection                       - Undefined Weak Reference
    _init_alloc                               - Undefined Weak Reference
    _init_user_alloc                          - Undefined Weak Reference
    _initio                                   - Undefined Weak Reference
    _rand_init                                - Undefined Weak Reference
    _signal_finish                            - Undefined Weak Reference
    _signal_init                              - Undefined Weak Reference
    _terminate_alloc                          - Undefined Weak Reference
    _terminate_user_alloc                     - Undefined Weak Reference
    _terminateio                              - Undefined Weak Reference
    __Vectors_Size                           0x00000150   Number         0  startup_gd32c10x.o ABSOLUTE
    __Vectors                                0x08000000   Data           4  startup_gd32c10x.o(RESET)
    __Vectors_End                            0x08000150   Data           0  startup_gd32c10x.o(RESET)
    __main                                   0x08000151   Thumb Code     8  __main.o(!!!main)
    __scatterload                            0x08000159   Thumb Code     0  __scatter.o(!!!scatter)
    __scatterload_rt2                        0x08000159   Thumb Code    44  __scatter.o(!!!scatter)
    __scatterload_rt2_thumb_only             0x08000159   Thumb Code     0  __scatter.o(!!!scatter)
    __scatterload_null                       0x08000167   Thumb Code     0  __scatter.o(!!!scatter)
    __decompress                             0x0800018d   Thumb Code    90  __dczerorl2.o(!!dczerorl2)
    __decompress1                            0x0800018d   Thumb Code     0  __dczerorl2.o(!!dczerorl2)
    __scatterload_zeroinit                   0x080001e9   Thumb Code    28  __scatter_zi.o(!!handler_zi)
    __rt_lib_init                            0x08000205   Thumb Code     0  libinit.o(.ARM.Collect$$libinit$$00000000)
    __rt_lib_init_fp_1                       0x08000207   Thumb Code     0  libinit2.o(.ARM.Collect$$libinit$$00000001)
    __rt_lib_init_alloca_1                   0x0800020b   Thumb Code     0  libinit2.o(.ARM.Collect$$libinit$$0000002E)
    __rt_lib_init_argv_1                     0x0800020b   Thumb Code     0  libinit2.o(.ARM.Collect$$libinit$$0000002C)
    __rt_lib_init_atexit_1                   0x0800020b   Thumb Code     0  libinit2.o(.ARM.Collect$$libinit$$0000001B)
    __rt_lib_init_clock_1                    0x0800020b   Thumb Code     0  libinit2.o(.ARM.Collect$$libinit$$00000021)
    __rt_lib_init_cpp_1                      0x0800020b   Thumb Code     0  libinit2.o(.ARM.Collect$$libinit$$00000032)
    __rt_lib_init_exceptions_1               0x0800020b   Thumb Code     0  libinit2.o(.ARM.Collect$$libinit$$00000030)
    __rt_lib_init_fp_trap_1                  0x0800020b   Thumb Code     0  libinit2.o(.ARM.Collect$$libinit$$0000001F)
    __rt_lib_init_getenv_1                   0x0800020b   Thumb Code     0  libinit2.o(.ARM.Collect$$libinit$$00000023)
    __rt_lib_init_heap_1                     0x0800020b   Thumb Code     0  libinit2.o(.ARM.Collect$$libinit$$0000000A)
    __rt_lib_init_lc_collate_1               0x0800020b   Thumb Code     0  libinit2.o(.ARM.Collect$$libinit$$00000011)
    __rt_lib_init_lc_ctype_1                 0x0800020b   Thumb Code     0  libinit2.o(.ARM.Collect$$libinit$$00000013)
    __rt_lib_init_lc_monetary_1              0x0800020b   Thumb Code     0  libinit2.o(.ARM.Collect$$libinit$$00000015)
    __rt_lib_init_lc_numeric_1               0x0800020b   Thumb Code     0  libinit2.o(.ARM.Collect$$libinit$$00000017)
    __rt_lib_init_lc_time_1                  0x0800020b   Thumb Code     0  libinit2.o(.ARM.Collect$$libinit$$00000019)
    __rt_lib_init_preinit_1                  0x0800020b   Thumb Code     0  libinit2.o(.ARM.Collect$$libinit$$00000004)
    __rt_lib_init_rand_1                     0x0800020b   Thumb Code     0  libinit2.o(.ARM.Collect$$libinit$$0000000E)
    __rt_lib_init_return                     0x0800020b   Thumb Code     0  libinit2.o(.ARM.Collect$$libinit$$00000033)
    __rt_lib_init_signal_1                   0x0800020b   Thumb Code     0  libinit2.o(.ARM.Collect$$libinit$$0000001D)
    __rt_lib_init_stdio_1                    0x0800020b   Thumb Code     0  libinit2.o(.ARM.Collect$$libinit$$00000025)
    __rt_lib_init_user_alloc_1               0x0800020b   Thumb Code     0  libinit2.o(.ARM.Collect$$libinit$$0000000C)
    __rt_lib_shutdown                        0x0800020d   Thumb Code     0  libshutdown.o(.ARM.Collect$$libshutdown$$00000000)
    __rt_lib_shutdown_cpp_1                  0x0800020f   Thumb Code     0  libshutdown2.o(.ARM.Collect$$libshutdown$$00000002)
    __rt_lib_shutdown_fp_trap_1              0x0800020f   Thumb Code     0  libshutdown2.o(.ARM.Collect$$libshutdown$$00000007)
    __rt_lib_shutdown_heap_1                 0x0800020f   Thumb Code     0  libshutdown2.o(.ARM.Collect$$libshutdown$$0000000F)
    __rt_lib_shutdown_return                 0x0800020f   Thumb Code     0  libshutdown2.o(.ARM.Collect$$libshutdown$$00000010)
    __rt_lib_shutdown_signal_1               0x0800020f   Thumb Code     0  libshutdown2.o(.ARM.Collect$$libshutdown$$0000000A)
    __rt_lib_shutdown_stdio_1                0x0800020f   Thumb Code     0  libshutdown2.o(.ARM.Collect$$libshutdown$$00000004)
    __rt_lib_shutdown_user_alloc_1           0x0800020f   Thumb Code     0  libshutdown2.o(.ARM.Collect$$libshutdown$$0000000C)
    __rt_entry                               0x08000211   Thumb Code     0  __rtentry.o(.ARM.Collect$$rtentry$$00000000)
    __rt_entry_presh_1                       0x08000211   Thumb Code     0  __rtentry2.o(.ARM.Collect$$rtentry$$00000002)
    __rt_entry_sh                            0x08000211   Thumb Code     0  __rtentry4.o(.ARM.Collect$$rtentry$$00000004)
    __rt_entry_li                            0x08000217   Thumb Code     0  __rtentry2.o(.ARM.Collect$$rtentry$$0000000A)
    __rt_entry_postsh_1                      0x08000217   Thumb Code     0  __rtentry2.o(.ARM.Collect$$rtentry$$00000009)
    __rt_entry_main                          0x0800021b   Thumb Code     0  __rtentry2.o(.ARM.Collect$$rtentry$$0000000D)
    __rt_entry_postli_1                      0x0800021b   Thumb Code     0  __rtentry2.o(.ARM.Collect$$rtentry$$0000000C)
    __rt_exit                                0x08000223   Thumb Code     0  rtexit.o(.ARM.Collect$$rtexit$$00000000)
    __rt_exit_ls                             0x08000225   Thumb Code     0  rtexit2.o(.ARM.Collect$$rtexit$$00000003)
    __rt_exit_prels_1                        0x08000225   Thumb Code     0  rtexit2.o(.ARM.Collect$$rtexit$$00000002)
    __rt_exit_exit                           0x08000229   Thumb Code     0  rtexit2.o(.ARM.Collect$$rtexit$$00000004)
    Reset_Handler                            0x08000231   Thumb Code     8  startup_gd32c10x.o(.text)
    ADC0_1_IRQHandler                        0x0800024b   Thumb Code     0  startup_gd32c10x.o(.text)
    CAN0_EWMC_IRQHandler                     0x0800024b   Thumb Code     0  startup_gd32c10x.o(.text)
    CAN0_RX1_IRQHandler                      0x0800024b   Thumb Code     0  startup_gd32c10x.o(.text)
    CAN0_TX_IRQHandler                       0x0800024b   Thumb Code     0  startup_gd32c10x.o(.text)
    CAN1_EWMC_IRQHandler                     0x0800024b   Thumb Code     0  startup_gd32c10x.o(.text)
    CAN1_RX1_IRQHandler                      0x0800024b   Thumb Code     0  startup_gd32c10x.o(.text)
    CAN1_TX_IRQHandler                       0x0800024b   Thumb Code     0  startup_gd32c10x.o(.text)
    DMA0_Channel0_IRQHandler                 0x0800024b   Thumb Code     0  startup_gd32c10x.o(.text)
    DMA0_Channel1_IRQHandler                 0x0800024b   Thumb Code     0  startup_gd32c10x.o(.text)
    DMA0_Channel2_IRQHandler                 0x0800024b   Thumb Code     0  startup_gd32c10x.o(.text)
    DMA0_Channel3_IRQHandler                 0x0800024b   Thumb Code     0  startup_gd32c10x.o(.text)
    DMA0_Channel4_IRQHandler                 0x0800024b   Thumb Code     0  startup_gd32c10x.o(.text)
    DMA0_Channel5_IRQHandler                 0x0800024b   Thumb Code     0  startup_gd32c10x.o(.text)
    DMA0_Channel6_IRQHandler                 0x0800024b   Thumb Code     0  startup_gd32c10x.o(.text)
    DMA1_Channel0_IRQHandler                 0x0800024b   Thumb Code     0  startup_gd32c10x.o(.text)
    DMA1_Channel1_IRQHandler                 0x0800024b   Thumb Code     0  startup_gd32c10x.o(.text)
    DMA1_Channel2_IRQHandler                 0x0800024b   Thumb Code     0  startup_gd32c10x.o(.text)
    DMA1_Channel3_IRQHandler                 0x0800024b   Thumb Code     0  startup_gd32c10x.o(.text)
    DMA1_Channel4_IRQHandler                 0x0800024b   Thumb Code     0  startup_gd32c10x.o(.text)
    EXMC_IRQHandler                          0x0800024b   Thumb Code     0  startup_gd32c10x.o(.text)
    EXTI0_IRQHandler                         0x0800024b   Thumb Code     0  startup_gd32c10x.o(.text)
    EXTI1_IRQHandler                         0x0800024b   Thumb Code     0  startup_gd32c10x.o(.text)
    EXTI2_IRQHandler                         0x0800024b   Thumb Code     0  startup_gd32c10x.o(.text)
    EXTI3_IRQHandler                         0x0800024b   Thumb Code     0  startup_gd32c10x.o(.text)
    EXTI4_IRQHandler                         0x0800024b   Thumb Code     0  startup_gd32c10x.o(.text)
    EXTI5_9_IRQHandler                       0x0800024b   Thumb Code     0  startup_gd32c10x.o(.text)
    FMC_IRQHandler                           0x0800024b   Thumb Code     0  startup_gd32c10x.o(.text)
    I2C0_ER_IRQHandler                       0x0800024b   Thumb Code     0  startup_gd32c10x.o(.text)
    I2C0_EV_IRQHandler                       0x0800024b   Thumb Code     0  startup_gd32c10x.o(.text)
    I2C1_ER_IRQHandler                       0x0800024b   Thumb Code     0  startup_gd32c10x.o(.text)
    I2C1_EV_IRQHandler                       0x0800024b   Thumb Code     0  startup_gd32c10x.o(.text)
    LVD_IRQHandler                           0x0800024b   Thumb Code     0  startup_gd32c10x.o(.text)
    RCU_CTC_IRQHandler                       0x0800024b   Thumb Code     0  startup_gd32c10x.o(.text)
    RTC_Alarm_IRQHandler                     0x0800024b   Thumb Code     0  startup_gd32c10x.o(.text)
    RTC_IRQHandler                           0x0800024b   Thumb Code     0  startup_gd32c10x.o(.text)
    SPI0_IRQHandler                          0x0800024b   Thumb Code     0  startup_gd32c10x.o(.text)
    SPI1_IRQHandler                          0x0800024b   Thumb Code     0  startup_gd32c10x.o(.text)
    SPI2_IRQHandler                          0x0800024b   Thumb Code     0  startup_gd32c10x.o(.text)
    TAMPER_IRQHandler                        0x0800024b   Thumb Code     0  startup_gd32c10x.o(.text)
    TIMER0_Channel_IRQHandler                0x0800024b   Thumb Code     0  startup_gd32c10x.o(.text)
    TIMER0_TRG_CMT_TIMER10_IRQHandler        0x0800024b   Thumb Code     0  startup_gd32c10x.o(.text)
    TIMER0_UP_TIMER9_IRQHandler              0x0800024b   Thumb Code     0  startup_gd32c10x.o(.text)
    TIMER3_IRQHandler                        0x0800024b   Thumb Code     0  startup_gd32c10x.o(.text)
    TIMER4_IRQHandler                        0x0800024b   Thumb Code     0  startup_gd32c10x.o(.text)
    TIMER7_BRK_TIMER11_IRQHandler            0x0800024b   Thumb Code     0  startup_gd32c10x.o(.text)
    TIMER7_Channel_IRQHandler                0x0800024b   Thumb Code     0  startup_gd32c10x.o(.text)
    TIMER7_TRG_CMT_TIMER13_IRQHandler        0x0800024b   Thumb Code     0  startup_gd32c10x.o(.text)
    TIMER7_UP_TIMER12_IRQHandler             0x0800024b   Thumb Code     0  startup_gd32c10x.o(.text)
    UART3_IRQHandler                         0x0800024b   Thumb Code     0  startup_gd32c10x.o(.text)
    UART4_IRQHandler                         0x0800024b   Thumb Code     0  startup_gd32c10x.o(.text)
    USART0_IRQHandler                        0x0800024b   Thumb Code     0  startup_gd32c10x.o(.text)
    USART2_IRQHandler                        0x0800024b   Thumb Code     0  startup_gd32c10x.o(.text)
    WWDGT_IRQHandler                         0x0800024b   Thumb Code     0  startup_gd32c10x.o(.text)
    __user_initial_stackheap                 0x0800024d   Thumb Code    10  startup_gd32c10x.o(.text)
    __aeabi_memcpy                           0x08000271   Thumb Code     0  rt_memcpy_v6.o(.text)
    __rt_memcpy                              0x08000271   Thumb Code   138  rt_memcpy_v6.o(.text)
    _memcpy_lastbytes                        0x080002d7   Thumb Code     0  rt_memcpy_v6.o(.text)
    __aeabi_memcpy4                          0x080002fb   Thumb Code     0  rt_memcpy_w.o(.text)
    __aeabi_memcpy8                          0x080002fb   Thumb Code     0  rt_memcpy_w.o(.text)
    __rt_memcpy_w                            0x080002fb   Thumb Code   100  rt_memcpy_w.o(.text)
    _memcpy_lastbytes_aligned                0x08000343   Thumb Code     0  rt_memcpy_w.o(.text)
    __aeabi_memclr4                          0x0800035f   Thumb Code     0  rt_memclr_w.o(.text)
    __aeabi_memclr8                          0x0800035f   Thumb Code     0  rt_memclr_w.o(.text)
    __rt_memclr_w                            0x0800035f   Thumb Code    78  rt_memclr_w.o(.text)
    _memset_w                                0x08000363   Thumb Code     0  rt_memclr_w.o(.text)
    __use_two_region_memory                  0x080003ad   Thumb Code     2  heapauxi.o(.text)
    __rt_heap_escrow$2region                 0x080003af   Thumb Code     2  heapauxi.o(.text)
    __rt_heap_expand$2region                 0x080003b1   Thumb Code     2  heapauxi.o(.text)
    __user_setup_stackheap                   0x080003b3   Thumb Code    74  sys_stackheap_outer.o(.text)
    exit                                     0x080003fd   Thumb Code    18  exit.o(.text)
    __user_libspace                          0x08000411   Thumb Code     8  libspace.o(.text)
    __user_perproc_libspace                  0x08000411   Thumb Code     0  libspace.o(.text)
    __user_perthread_libspace                0x08000411   Thumb Code     0  libspace.o(.text)
    _sys_exit                                0x08000419   Thumb Code     8  sys_exit.o(.text)
    __I$use$semihosting                      0x08000425   Thumb Code     0  use_no_semi.o(.text)
    __use_no_semihosting_swi                 0x08000425   Thumb Code     2  use_no_semi.o(.text)
    __semihosting_library_function           0x08000427   Thumb Code     0  indicate_semi.o(.text)
    Adc_Init                                 0x08000429   Thumb Code   110  bsp.o(i.Adc_Init)
    BusFault_Handler                         0x080004a1   Thumb Code     4  gd32c10x_it.o(i.BusFault_Handler)
    CAN0_RX0_IRQHandler                      0x080004a5   Thumb Code    22  gd32c10x_it.o(i.CAN0_RX0_IRQHandler)
    CAN1_RX0_IRQHandler                      0x080004c1   Thumb Code    18  gd32c10x_it.o(i.CAN1_RX0_IRQHandler)
    DatToPWM                                 0x080004d9   Thumb Code   138  vpwm.o(i.DatToPWM)
    DebugMon_Handler                         0x08000563   Thumb Code     2  gd32c10x_it.o(i.DebugMon_Handler)
    Delay_ms                                 0x08000565   Thumb Code    18  timer.o(i.Delay_ms)
    Delay_us                                 0x08000577   Thumb Code    12  timer.o(i.Delay_us)
    EXTI10_15_IRQHandler                     0x08000585   Thumb Code   230  gd32c10x_it.o(i.EXTI10_15_IRQHandler)
    GetHiBit                                 0x08000679   Thumb Code    28  vpwm.o(i.GetHiBit)
    GetLowBit                                0x08000695   Thumb Code    26  vpwm.o(i.GetLowBit)
    GetPWMBit                                0x080006af   Thumb Code    26  vpwm.o(i.GetPWMBit)
    GetPWMBitToByte                          0x080006c9   Thumb Code    54  vpwm.o(i.GetPWMBitToByte)
    GetTimer6Cnt                             0x08000701   Thumb Code    36  timer.o(i.GetTimer6Cnt)
    GetVpwBitToByte                          0x0800072d   Thumb Code   124  vpwm.o(i.GetVpwBitToByte)
    HardFault_Handler                        0x080007a9   Thumb Code     4  gd32c10x_it.o(i.HardFault_Handler)
    J1850PWM_Init                            0x080007ad   Thumb Code    56  vpwm.o(i.J1850PWM_Init)
    J1850_PWM_SendAndGet                     0x080007e9   Thumb Code   290  vpwm.o(i.J1850_PWM_SendAndGet)
    J1850_PWM_SendFrame                      0x08000921   Thumb Code    72  vpwm.o(i.J1850_PWM_SendFrame)
    Led_Init                                 0x08000971   Thumb Code    46  bsp.o(i.Led_Init)
    MemManage_Handler                        0x080009a5   Thumb Code     4  gd32c10x_it.o(i.MemManage_Handler)
    NMI_Handler                              0x080009a9   Thumb Code     2  gd32c10x_it.o(i.NMI_Handler)
    PWM_Update                               0x080009ad   Thumb Code    54  vpwm.o(i.PWM_Update)
    PendSV_Handler                           0x080009e9   Thumb Code     2  gd32c10x_it.o(i.PendSV_Handler)
    ReceiveUsbDate                           0x080009eb   Thumb Code    28  cdc_acm_core.o(i.ReceiveUsbDate)
    SVC_Handler                              0x08000a07   Thumb Code     2  gd32c10x_it.o(i.SVC_Handler)
    SysTick_Handler                          0x08000a09   Thumb Code     2  gd32c10x_it.o(i.SysTick_Handler)
    SystemInit                               0x08000a0d   Thumb Code   150  system_gd32c10x.o(i.SystemInit)
    TIM1_CH0_Cap_Init                        0x08000ab1   Thumb Code   188  timer.o(i.TIM1_CH0_Cap_Init)
    TIM5_config                              0x08000b71   Thumb Code   100  timer.o(i.TIM5_config)
    TIM6_config                              0x08000bdd   Thumb Code   100  timer.o(i.TIM6_config)
    TIMER0_BRK_TIMER8_IRQHandler             0x08000c49   Thumb Code   442  gd32c10x_it.o(i.TIMER0_BRK_TIMER8_IRQHandler)
    TIMER1_IRQHandler                        0x08000e1d   Thumb Code  1006  gd32c10x_it.o(i.TIMER1_IRQHandler)
    TIMER2_IRQHandler                        0x08001241   Thumb Code     8  gd32c10x_it.o(i.TIMER2_IRQHandler)
    TIMER5_IRQHandler                        0x08001249   Thumb Code    46  gd32c10x_it.o(i.TIMER5_IRQHandler)
    TIMER6_IRQHandler                        0x08001281   Thumb Code    46  gd32c10x_it.o(i.TIMER6_IRQHandler)
    Time5Delayus                             0x080012b9   Thumb Code   130  timer.o(i.Time5Delayus)
    ToPWM                                    0x08001345   Thumb Code    56  vpwm.o(i.ToPWM)
    USART1_IRQHandler                        0x0800137d   Thumb Code    54  gd32c10x_it.o(i.USART1_IRQHandler)
    USBFS_IRQHandler                         0x080013c5   Thumb Code    10  gd32c10x_it.o(i.USBFS_IRQHandler)
    USBFS_WKUP_IRQHandler                    0x080013d5   Thumb Code    44  gd32c10x_it.o(i.USBFS_WKUP_IRQHandler)
    UsageFault_Handler                       0x08001409   Thumb Code     4  gd32c10x_it.o(i.UsageFault_Handler)
    adc_calibration_enable                   0x08001901   Thumb Code    42  gd32c10x_adc.o(i.adc_calibration_enable)
    adc_channel_length_config                0x0800192b   Thumb Code    70  gd32c10x_adc.o(i.adc_channel_length_config)
    adc_data_alignment_config                0x08001971   Thumb Code    22  gd32c10x_adc.o(i.adc_data_alignment_config)
    adc_enable                               0x08001987   Thumb Code    18  gd32c10x_adc.o(i.adc_enable)
    adc_external_trigger_config              0x08001999   Thumb Code    62  gd32c10x_adc.o(i.adc_external_trigger_config)
    adc_external_trigger_source_config       0x080019d7   Thumb Code    48  gd32c10x_adc.o(i.adc_external_trigger_source_config)
    adc_mode_config                          0x08001a09   Thumb Code    22  gd32c10x_adc.o(i.adc_mode_config)
    can_message_receive                      0x08001a25   Thumb Code   448  gd32c10x_can.o(i.can_message_receive)
    ctc_clock_limit_value_config             0x08001ee5   Thumb Code    24  gd32c10x_ctc.o(i.ctc_clock_limit_value_config)
    ctc_config                               0x08001f01   Thumb Code    48  gd32c10x_hw.o(i.ctc_config)
    ctc_counter_enable                       0x08001f31   Thumb Code    14  gd32c10x_ctc.o(i.ctc_counter_enable)
    ctc_counter_reload_value_config          0x08001f45   Thumb Code    22  gd32c10x_ctc.o(i.ctc_counter_reload_value_config)
    ctc_flag_get                             0x08001f61   Thumb Code    18  gd32c10x_ctc.o(i.ctc_flag_get)
    ctc_hardware_trim_mode_config            0x08001f79   Thumb Code    22  gd32c10x_ctc.o(i.ctc_hardware_trim_mode_config)
    ctc_refsource_polarity_config            0x08001f95   Thumb Code    22  gd32c10x_ctc.o(i.ctc_refsource_polarity_config)
    ctc_refsource_prescaler_config           0x08001fb1   Thumb Code    22  gd32c10x_ctc.o(i.ctc_refsource_prescaler_config)
    ctc_refsource_signal_select              0x08001fcd   Thumb Code    22  gd32c10x_ctc.o(i.ctc_refsource_signal_select)
    exti_init                                0x08001fe9   Thumb Code   178  gd32c10x_exti.o(i.exti_init)
    exti_interrupt_enable                    0x080020a1   Thumb Code    12  gd32c10x_exti.o(i.exti_interrupt_enable)
    exti_interrupt_flag_clear                0x080020b1   Thumb Code     6  gd32c10x_exti.o(i.exti_interrupt_flag_clear)
    exti_interrupt_flag_get                  0x080020bd   Thumb Code    32  gd32c10x_exti.o(i.exti_interrupt_flag_get)
    gpio_bit_reset                           0x080020e1   Thumb Code     4  gd32c10x_gpio.o(i.gpio_bit_reset)
    gpio_bit_set                             0x080020e5   Thumb Code     4  gd32c10x_gpio.o(i.gpio_bit_set)
    gpio_init                                0x080020e9   Thumb Code   188  gd32c10x_gpio.o(i.gpio_init)
    gpio_input_bit_get                       0x080021a5   Thumb Code    16  gd32c10x_gpio.o(i.gpio_input_bit_get)
    int_to_unicode                           0x08002251   Thumb Code    60  usbd_enum.o(i.int_to_unicode)
    main                                     0x0800228d   Thumb Code   154  app.o(i.main)
    nvic_irq_enable                          0x08002365   Thumb Code   162  gd32c10x_misc.o(i.nvic_irq_enable)
    nvic_priority_group_set                  0x08002411   Thumb Code    10  gd32c10x_misc.o(i.nvic_priority_group_set)
    nvic_vector_table_set                    0x08002425   Thumb Code    16  gd32c10x_misc.o(i.nvic_vector_table_set)
    pmu_to_deepsleepmode                     0x0800243d   Thumb Code   170  gd32c10x_pmu.o(i.pmu_to_deepsleepmode)
    rcu_adc_clock_config                     0x08002501   Thumb Code    98  gd32c10x_rcu.o(i.rcu_adc_clock_config)
    rcu_ck48m_clock_config                   0x0800256d   Thumb Code    22  gd32c10x_rcu.o(i.rcu_ck48m_clock_config)
    rcu_clock_freq_get                       0x08002589   Thumb Code   352  gd32c10x_rcu.o(i.rcu_clock_freq_get)
    rcu_flag_get                             0x08002709   Thumb Code    30  gd32c10x_rcu.o(i.rcu_flag_get)
    rcu_osci_on                              0x0800272d   Thumb Code    28  gd32c10x_rcu.o(i.rcu_osci_on)
    rcu_osci_stab_wait                       0x0800274d   Thumb Code   342  gd32c10x_rcu.o(i.rcu_osci_stab_wait)
    rcu_periph_clock_enable                  0x080028a9   Thumb Code    28  gd32c10x_rcu.o(i.rcu_periph_clock_enable)
    rcu_periph_reset_disable                 0x080028c9   Thumb Code    28  gd32c10x_rcu.o(i.rcu_periph_reset_disable)
    rcu_periph_reset_enable                  0x080028e9   Thumb Code    28  gd32c10x_rcu.o(i.rcu_periph_reset_enable)
    rcu_usb_clock_config                     0x08002909   Thumb Code    18  gd32c10x_rcu.o(i.rcu_usb_clock_config)
    serial_string_get                        0x08002921   Thumb Code    66  usbd_enum.o(i.serial_string_get)
    timer_auto_reload_shadow_enable          0x08002a71   Thumb Code    10  gd32c10x_timer.o(i.timer_auto_reload_shadow_enable)
    timer_channel_capture_value_register_read 0x08002a7b   Thumb Code    42  gd32c10x_timer.o(i.timer_channel_capture_value_register_read)
    timer_channel_input_capture_prescaler_config 0x08002aa5   Thumb Code    90  gd32c10x_timer.o(i.timer_channel_input_capture_prescaler_config)
    timer_channel_input_struct_para_init     0x08002aff   Thumb Code    16  gd32c10x_timer.o(i.timer_channel_input_struct_para_init)
    timer_channel_output_config              0x08002b11   Thumb Code   484  gd32c10x_timer.o(i.timer_channel_output_config)
    timer_channel_output_mode_config         0x08002cfd   Thumb Code    90  gd32c10x_timer.o(i.timer_channel_output_mode_config)
    timer_channel_output_polarity_config     0x08002d57   Thumb Code    92  gd32c10x_timer.o(i.timer_channel_output_polarity_config)
    timer_channel_output_pulse_value_config  0x08002db3   Thumb Code    38  gd32c10x_timer.o(i.timer_channel_output_pulse_value_config)
    timer_channel_output_shadow_config       0x08002dd9   Thumb Code    90  gd32c10x_timer.o(i.timer_channel_output_shadow_config)
    timer_channel_output_struct_para_init    0x08002e33   Thumb Code    16  gd32c10x_timer.o(i.timer_channel_output_struct_para_init)
    timer_counter_read                       0x08002e43   Thumb Code     8  gd32c10x_timer.o(i.timer_counter_read)
    timer_counter_value_config               0x08002e4b   Thumb Code     4  gd32c10x_timer.o(i.timer_counter_value_config)
    timer_deinit                             0x08002e51   Thumb Code   374  gd32c10x_timer.o(i.timer_deinit)
    timer_disable                            0x08002fd5   Thumb Code    10  gd32c10x_timer.o(i.timer_disable)
    timer_enable                             0x08002fdf   Thumb Code    10  gd32c10x_timer.o(i.timer_enable)
    timer_flag_clear                         0x08002fe9   Thumb Code     6  gd32c10x_timer.o(i.timer_flag_clear)
    timer_flag_get                           0x08002fef   Thumb Code    16  gd32c10x_timer.o(i.timer_flag_get)
    timer_init                               0x08003001   Thumb Code   134  gd32c10x_timer.o(i.timer_init)
    timer_input_capture_config               0x080030a5   Thumb Code   326  gd32c10x_timer.o(i.timer_input_capture_config)
    timer_interrupt_disable                  0x080031eb   Thumb Code     8  gd32c10x_timer.o(i.timer_interrupt_disable)
    timer_interrupt_enable                   0x080031f3   Thumb Code     8  gd32c10x_timer.o(i.timer_interrupt_enable)
    timer_interrupt_flag_clear               0x080031fb   Thumb Code     6  gd32c10x_timer.o(i.timer_interrupt_flag_clear)
    timer_interrupt_flag_get                 0x08003201   Thumb Code    24  gd32c10x_timer.o(i.timer_interrupt_flag_get)
    timer_struct_para_init                   0x08003219   Thumb Code    22  gd32c10x_timer.o(i.timer_struct_para_init)
    usart_data_receive                       0x0800322f   Thumb Code    10  gd32c10x_usart.o(i.usart_data_receive)
    usart_interrupt_flag_clear               0x08003239   Thumb Code    26  gd32c10x_usart.o(i.usart_interrupt_flag_clear)
    usart_interrupt_flag_get                 0x08003253   Thumb Code    56  gd32c10x_usart.o(i.usart_interrupt_flag_get)
    usb_basic_init                           0x0800328b   Thumb Code   218  drv_usb_core.o(i.usb_basic_init)
    usb_clock_active                         0x08003365   Thumb Code    32  drv_usb_dev.o(i.usb_clock_active)
    usb_core_init                            0x08003385   Thumb Code   178  drv_usb_core.o(i.usb_core_init)
    usb_ctlep_startout                       0x08003465   Thumb Code    34  drv_usb_dev.o(i.usb_ctlep_startout)
    usb_curmode_set                          0x0800348d   Thumb Code    46  drv_usb_core.o(i.usb_curmode_set)
    usb_devcore_init                         0x080034bd   Thumb Code   330  drv_usb_dev.o(i.usb_devcore_init)
    usb_devint_enable                        0x0800360d   Thumb Code    56  drv_usb_dev.o(i.usb_devint_enable)
    usb_iepintr_read                         0x0800364d   Thumb Code    42  drv_usb_dev.o(i.usb_iepintr_read)
    usb_intr_config                          0x08003677   Thumb Code    68  gd32c10x_hw.o(i.usb_intr_config)
    usb_mdelay                               0x080036bb   Thumb Code    14  gd32c10x_hw.o(i.usb_mdelay)
    usb_rcu_config                           0x080036c9   Thumb Code   130  gd32c10x_hw.o(i.usb_rcu_config)
    usb_rxfifo_flush                         0x08003765   Thumb Code    34  drv_usb_core.o(i.usb_rxfifo_flush)
    usb_rxfifo_read                          0x08003787   Thumb Code    30  drv_usb_core.o(i.usb_rxfifo_read)
    usb_set_txfifo                           0x080037a5   Thumb Code    72  drv_usb_core.o(i.usb_set_txfifo)
    usb_timer_init                           0x080037ed   Thumb Code    40  gd32c10x_hw.o(i.usb_timer_init)
    usb_timer_irq                            0x08003815   Thumb Code    46  gd32c10x_hw.o(i.usb_timer_irq)
    usb_transc_active                        0x0800384d   Thumb Code   142  drv_usb_dev.o(i.usb_transc_active)
    usb_transc_clrstall                      0x080038e5   Thumb Code    68  drv_usb_dev.o(i.usb_transc_clrstall)
    usb_transc_deactivate                    0x08003929   Thumb Code   100  drv_usb_dev.o(i.usb_transc_deactivate)
    usb_transc_inxfer                        0x0800398d   Thumb Code   268  drv_usb_dev.o(i.usb_transc_inxfer)
    usb_transc_outxfer                       0x08003a99   Thumb Code   144  drv_usb_dev.o(i.usb_transc_outxfer)
    usb_transc_stall                         0x08003b29   Thumb Code    66  drv_usb_dev.o(i.usb_transc_stall)
    usb_txfifo_flush                         0x08003b6b   Thumb Code    40  drv_usb_core.o(i.usb_txfifo_flush)
    usb_txfifo_write                         0x08003b93   Thumb Code    34  drv_usb_core.o(i.usb_txfifo_write)
    usb_udelay                               0x08003bb5   Thumb Code    14  gd32c10x_hw.o(i.usb_udelay)
    usbd_class_request                       0x08003bc3   Thumb Code    38  usbd_enum.o(i.usbd_class_request)
    usbd_connect                             0x08003be9   Thumb Code    28  usbd_core.o(i.usbd_connect)
    usbd_ctl_recev                           0x08003c05   Thumb Code    46  usbd_transc.o(i.usbd_ctl_recev)
    usbd_ctl_send                            0x08003c33   Thumb Code    46  usbd_transc.o(i.usbd_ctl_send)
    usbd_ctl_status_recev                    0x08003c61   Thumb Code    32  usbd_transc.o(i.usbd_ctl_status_recev)
    usbd_ctl_status_send                     0x08003c81   Thumb Code    32  usbd_transc.o(i.usbd_ctl_status_send)
    usbd_disconnect                          0x08003ca1   Thumb Code    28  usbd_core.o(i.usbd_disconnect)
    usbd_enum_error                          0x08003d49   Thumb Code    30  usbd_enum.o(i.usbd_enum_error)
    usbd_ep_clear                            0x08003d67   Thumb Code    52  usbd_core.o(i.usbd_ep_clear)
    usbd_ep_recev                            0x08003d9b   Thumb Code    60  usbd_core.o(i.usbd_ep_recev)
    usbd_ep_send                             0x08003dd7   Thumb Code    60  usbd_core.o(i.usbd_ep_send)
    usbd_ep_setup                            0x08003e15   Thumb Code   106  usbd_core.o(i.usbd_ep_setup)
    usbd_ep_stall                            0x08003e85   Thumb Code    58  usbd_core.o(i.usbd_ep_stall)
    usbd_ep_stall_clear                      0x08003ebf   Thumb Code    58  usbd_core.o(i.usbd_ep_stall_clear)
    usbd_in_transc                           0x08003ef9   Thumb Code   160  usbd_transc.o(i.usbd_in_transc)
    usbd_init                                0x08003f99   Thumb Code   124  usbd_core.o(i.usbd_init)
    usbd_isr                                 0x080043c5   Thumb Code   222  drv_usbd_int.o(i.usbd_isr)
    usbd_out_transc                          0x080044a3   Thumb Code   132  usbd_transc.o(i.usbd_out_transc)
    usbd_setup_transc                        0x08004527   Thumb Code   132  usbd_transc.o(i.usbd_setup_transc)
    usbd_standard_request                    0x080045ad   Thumb Code    22  usbd_enum.o(i.usbd_standard_request)
    usbd_vendor_request                      0x080045c9   Thumb Code     6  usbd_enum.o(i.usbd_vendor_request)
    _fp_init                                 0x080045cf   Thumb Code    10  fpinit.o(x$fpl$fpinit)
    __fplib_config_fpu_vfp                   0x080045d7   Thumb Code     0  fpinit.o(x$fpl$fpinit)
    __fplib_config_pureend_doubles           0x080045d7   Thumb Code     0  fpinit.o(x$fpl$fpinit)
    g_can_fdlength_table                     0x080045d8   Data           7  gd32c10x_can.o(.constdata)
    ep_type                                  0x080046f0   Data          16  usbd_core.o(.constdata)
    cdc_dev_desc                             0x08004700   Data          18  cdc_acm_core.o(.constdata)
    cdc_config_desc                          0x08004712   Data          67  cdc_acm_core.o(.constdata)
    usbd_cdc_strings                         0x08004860   Data          16  cdc_acm_core.o(.constdata)
    Region$$Table$$Base                      0x08004878   Number         0  anon$$obj.o(Region$$Table)
    Region$$Table$$Limit                     0x08004898   Number         0  anon$$obj.o(Region$$Table)
    delay_time                               0x20000000   Data           4  gd32c10x_hw.o(.data)
    timer_prescaler                          0x20000004   Data           2  gd32c10x_hw.o(.data)
    usbfs_prescaler                          0x20000008   Data           4  gd32c10x_hw.o(.data)
    iRxUsbLen                                0x2000005c   Data           2  cdc_acm_core.o(.data)
    iRxUsbFlag                               0x2000005e   Data           2  cdc_acm_core.o(.data)
    LenFlag                                  0x20000060   Data           2  cdc_acm_core.o(.data)
    iVcpRxLen                                0x20000062   Data           2  cdc_acm_core.o(.data)
    iVcpRxCmt                                0x20000064   Data           2  cdc_acm_core.o(.data)
    iMuxFlag                                 0x20000066   Data           1  cdc_acm_core.o(.data)
    iMuxCmt                                  0x20000068   Data           4  cdc_acm_core.o(.data)
    iMuxSum                                  0x2000006c   Data           4  cdc_acm_core.o(.data)
    iUsbSendFlag                             0x20000070   Data           1  cdc_acm_core.o(.data)
    cdc_desc                                 0x200000f4   Data          16  cdc_acm_core.o(.data)
    cdc_class                                0x20000104   Data          48  cdc_acm_core.o(.data)
    iTimeCmt                                 0x20000134   Data           4  bsp.o(.data)
    iTime5Cmt                                0x20000138   Data           4  bsp.o(.data)
    iTime6Cmt                                0x2000013c   Data           4  bsp.o(.data)
    iTim1Value                               0x20000140   Data           4  bsp.o(.data)
    iKwpIndexTime                            0x20000144   Data           1  bsp.o(.data)
    iHBitSum                                 0x20000146   Data           2  bsp.o(.data)
    iLBitSum                                 0x20000148   Data           2  bsp.o(.data)
    iJ1850EofFlag                            0x2000014a   Data           1  bsp.o(.data)
    iReCount                                 0x2000014c   Data           4  bsp.o(.data)
    iFdCanFlag                               0x20000150   Data           1  bsp.o(.data)
    iTimeFlag                                0x20000151   Data           1  bsp.o(.data)
    iIsoStatCom                              0x20000152   Data           1  bsp.o(.data)
    iKlineAdd                                0x20000153   Data           1  bsp.o(.data)
    iKlineBaud                               0x20000154   Data           2  bsp.o(.data)
    iKlineKey1                               0x20000156   Data           1  bsp.o(.data)
    iKlineKey2                               0x20000157   Data           1  bsp.o(.data)
    iPartValue                               0x20000158   Data           1  bsp.o(.data)
    iKRxdValue                               0x20000159   Data           1  bsp.o(.data)
    iKRxdFlag                                0x2000015a   Data           1  bsp.o(.data)
    iKDataMode                               0x2000015b   Data           1  bsp.o(.data)
    SJW                                      0x2000015c   Data           1  bsp.o(.data)
    BS1                                      0x2000015d   Data           1  bsp.o(.data)
    BS2                                      0x2000015e   Data           1  bsp.o(.data)
    Brp                                      0x2000015f   Data           1  bsp.o(.data)
    DataSJW                                  0x20000160   Data           1  bsp.o(.data)
    DataBS1                                  0x20000161   Data           1  bsp.o(.data)
    DataBS2                                  0x20000162   Data           1  bsp.o(.data)
    DataBrp                                  0x20000163   Data           1  bsp.o(.data)
    FdMode                                   0x20000164   Data           1  bsp.o(.data)
    FdBrs                                    0x20000165   Data           1  bsp.o(.data)
    Fd_Working_mode                          0x20000166   Data           1  bsp.o(.data)
    Ledflag                                  0x20000167   Data           1  bsp.o(.data)
    iEcuFlag                                 0x20000168   Data           1  bsp.o(.data)
    iSendComValue                            0x2000016a   Data           2  bsp.o(.data)
    iCanSendSum                              0x2000016c   Data           2  bsp.o(.data)
    iCan30flag                               0x2000016e   Data           1  bsp.o(.data)
    iCan30Sum                                0x2000016f   Data           1  bsp.o(.data)
    iAdcValue                                0x20000170   Data           2  bsp.o(.data)
    KwpBaud                                  0x20000172   Data           2  bsp.o(.data)
    KwpAdd                                   0x20000174   Data           1  bsp.o(.data)
    KwpKey1                                  0x20000175   Data           1  bsp.o(.data)
    KwpKey2                                  0x20000176   Data           1  bsp.o(.data)
    KwpValue                                 0x20000177   Data           1  bsp.o(.data)
    KwpReFlag                                0x20000178   Data           1  bsp.o(.data)
    iKwpLastSendValue                        0x20000179   Data           1  bsp.o(.data)
    iUsbRecFlag                              0x2000017a   Data           1  bsp.o(.data)
    IFRType                                  0x20000180   Data           1  vpwm.o(.data)
    cdc_acm                                  0x20000190   Data        1084  app.o(.bss)
    RxLenBuf                                 0x200005dc   Data          10  cdc_acm_core.o(.bss)
    BUF_MO                                   0x20000640   Data        4096  bsp.o(.bss)
    BUF_MOCAN                                0x20001640   Data        4096  bsp.o(.bss)
    j1850_Hbit                               0x20002640   Data         500  bsp.o(.bss)
    j1850_Lbit                               0x20002834   Data         500  bsp.o(.bss)
    ReDataStr                                0x20002a28   Data        7168  bsp.o(.bss)
    PWM_Data                                 0x20004628   Data         976  vpwm.o(.bss)
    PWM_DataRecv                             0x200049f8   Data         976  vpwm.o(.bss)
    VPM_Data                                 0x20004dc8   Data         976  vpwm.o(.bss)
    __libspace_start                         0x20005198   Data          96  libspace.o(.bss)
    __temporary_stack_top$libspace           0x200051f8   Data           0  libspace.o(.bss)



==============================================================================

Memory Map of the image

  Image Entry point : 0x08000151

  Load Region LR_IROM1 (Base: 0x08000000, Size: 0x00004a28, Max: 0x00020000, ABSOLUTE, COMPRESSED[0x0000490c])

    Execution Region ER_IROM1 (Exec base: 0x08000000, Load base: 0x08000000, Size: 0x00004898, Max: 0x00020000, ABSOLUTE)

    Exec Addr    Load Addr    Size         Type   Attr      Idx    E Section Name        Object

    0x08000000   0x08000000   0x00000150   Data   RO         4716    RESET               startup_gd32c10x.o
    0x08000150   0x08000150   0x00000008   Code   RO         5465  * !!!main             c_w.l(__main.o)
    0x08000158   0x08000158   0x00000034   Code   RO         5624    !!!scatter          c_w.l(__scatter.o)
    0x0800018c   0x0800018c   0x0000005a   Code   RO         5622    !!dczerorl2         c_w.l(__dczerorl2.o)
    0x080001e6   0x080001e6   0x00000002   PAD
    0x080001e8   0x080001e8   0x0000001c   Code   RO         5626    !!handler_zi        c_w.l(__scatter_zi.o)
    0x08000204   0x08000204   0x00000002   Code   RO         5492    .ARM.Collect$$libinit$$00000000  c_w.l(libinit.o)
    0x08000206   0x08000206   0x00000004   Code   RO         5498    .ARM.Collect$$libinit$$00000001  c_w.l(libinit2.o)
    0x0800020a   0x0800020a   0x00000000   Code   RO         5501    .ARM.Collect$$libinit$$00000004  c_w.l(libinit2.o)
    0x0800020a   0x0800020a   0x00000000   Code   RO         5504    .ARM.Collect$$libinit$$0000000A  c_w.l(libinit2.o)
    0x0800020a   0x0800020a   0x00000000   Code   RO         5506    .ARM.Collect$$libinit$$0000000C  c_w.l(libinit2.o)
    0x0800020a   0x0800020a   0x00000000   Code   RO         5508    .ARM.Collect$$libinit$$0000000E  c_w.l(libinit2.o)
    0x0800020a   0x0800020a   0x00000000   Code   RO         5511    .ARM.Collect$$libinit$$00000011  c_w.l(libinit2.o)
    0x0800020a   0x0800020a   0x00000000   Code   RO         5513    .ARM.Collect$$libinit$$00000013  c_w.l(libinit2.o)
    0x0800020a   0x0800020a   0x00000000   Code   RO         5515    .ARM.Collect$$libinit$$00000015  c_w.l(libinit2.o)
    0x0800020a   0x0800020a   0x00000000   Code   RO         5517    .ARM.Collect$$libinit$$00000017  c_w.l(libinit2.o)
    0x0800020a   0x0800020a   0x00000000   Code   RO         5519    .ARM.Collect$$libinit$$00000019  c_w.l(libinit2.o)
    0x0800020a   0x0800020a   0x00000000   Code   RO         5521    .ARM.Collect$$libinit$$0000001B  c_w.l(libinit2.o)
    0x0800020a   0x0800020a   0x00000000   Code   RO         5523    .ARM.Collect$$libinit$$0000001D  c_w.l(libinit2.o)
    0x0800020a   0x0800020a   0x00000000   Code   RO         5525    .ARM.Collect$$libinit$$0000001F  c_w.l(libinit2.o)
    0x0800020a   0x0800020a   0x00000000   Code   RO         5527    .ARM.Collect$$libinit$$00000021  c_w.l(libinit2.o)
    0x0800020a   0x0800020a   0x00000000   Code   RO         5529    .ARM.Collect$$libinit$$00000023  c_w.l(libinit2.o)
    0x0800020a   0x0800020a   0x00000000   Code   RO         5531    .ARM.Collect$$libinit$$00000025  c_w.l(libinit2.o)
    0x0800020a   0x0800020a   0x00000000   Code   RO         5535    .ARM.Collect$$libinit$$0000002C  c_w.l(libinit2.o)
    0x0800020a   0x0800020a   0x00000000   Code   RO         5537    .ARM.Collect$$libinit$$0000002E  c_w.l(libinit2.o)
    0x0800020a   0x0800020a   0x00000000   Code   RO         5539    .ARM.Collect$$libinit$$00000030  c_w.l(libinit2.o)
    0x0800020a   0x0800020a   0x00000000   Code   RO         5541    .ARM.Collect$$libinit$$00000032  c_w.l(libinit2.o)
    0x0800020a   0x0800020a   0x00000002   Code   RO         5542    .ARM.Collect$$libinit$$00000033  c_w.l(libinit2.o)
    0x0800020c   0x0800020c   0x00000002   Code   RO         5562    .ARM.Collect$$libshutdown$$00000000  c_w.l(libshutdown.o)
    0x0800020e   0x0800020e   0x00000000   Code   RO         5575    .ARM.Collect$$libshutdown$$00000002  c_w.l(libshutdown2.o)
    0x0800020e   0x0800020e   0x00000000   Code   RO         5577    .ARM.Collect$$libshutdown$$00000004  c_w.l(libshutdown2.o)
    0x0800020e   0x0800020e   0x00000000   Code   RO         5580    .ARM.Collect$$libshutdown$$00000007  c_w.l(libshutdown2.o)
    0x0800020e   0x0800020e   0x00000000   Code   RO         5583    .ARM.Collect$$libshutdown$$0000000A  c_w.l(libshutdown2.o)
    0x0800020e   0x0800020e   0x00000000   Code   RO         5585    .ARM.Collect$$libshutdown$$0000000C  c_w.l(libshutdown2.o)
    0x0800020e   0x0800020e   0x00000000   Code   RO         5588    .ARM.Collect$$libshutdown$$0000000F  c_w.l(libshutdown2.o)
    0x0800020e   0x0800020e   0x00000002   Code   RO         5589    .ARM.Collect$$libshutdown$$00000010  c_w.l(libshutdown2.o)
    0x08000210   0x08000210   0x00000000   Code   RO         5467    .ARM.Collect$$rtentry$$00000000  c_w.l(__rtentry.o)
    0x08000210   0x08000210   0x00000000   Code   RO         5469    .ARM.Collect$$rtentry$$00000002  c_w.l(__rtentry2.o)
    0x08000210   0x08000210   0x00000006   Code   RO         5481    .ARM.Collect$$rtentry$$00000004  c_w.l(__rtentry4.o)
    0x08000216   0x08000216   0x00000000   Code   RO         5471    .ARM.Collect$$rtentry$$00000009  c_w.l(__rtentry2.o)
    0x08000216   0x08000216   0x00000004   Code   RO         5472    .ARM.Collect$$rtentry$$0000000A  c_w.l(__rtentry2.o)
    0x0800021a   0x0800021a   0x00000000   Code   RO         5474    .ARM.Collect$$rtentry$$0000000C  c_w.l(__rtentry2.o)
    0x0800021a   0x0800021a   0x00000008   Code   RO         5475    .ARM.Collect$$rtentry$$0000000D  c_w.l(__rtentry2.o)
    0x08000222   0x08000222   0x00000002   Code   RO         5496    .ARM.Collect$$rtexit$$00000000  c_w.l(rtexit.o)
    0x08000224   0x08000224   0x00000000   Code   RO         5544    .ARM.Collect$$rtexit$$00000002  c_w.l(rtexit2.o)
    0x08000224   0x08000224   0x00000004   Code   RO         5545    .ARM.Collect$$rtexit$$00000003  c_w.l(rtexit2.o)
    0x08000228   0x08000228   0x00000006   Code   RO         5546    .ARM.Collect$$rtexit$$00000004  c_w.l(rtexit2.o)
    0x0800022e   0x0800022e   0x00000002   PAD
    0x08000230   0x08000230   0x00000040   Code   RO         4717    .text               startup_gd32c10x.o
    0x08000270   0x08000270   0x0000008a   Code   RO         5457    .text               c_w.l(rt_memcpy_v6.o)
    0x080002fa   0x080002fa   0x00000064   Code   RO         5459    .text               c_w.l(rt_memcpy_w.o)
    0x0800035e   0x0800035e   0x0000004e   Code   RO         5461    .text               c_w.l(rt_memclr_w.o)
    0x080003ac   0x080003ac   0x00000006   Code   RO         5463    .text               c_w.l(heapauxi.o)
    0x080003b2   0x080003b2   0x0000004a   Code   RO         5483    .text               c_w.l(sys_stackheap_outer.o)
    0x080003fc   0x080003fc   0x00000012   Code   RO         5485    .text               c_w.l(exit.o)
    0x0800040e   0x0800040e   0x00000002   PAD
    0x08000410   0x08000410   0x00000008   Code   RO         5493    .text               c_w.l(libspace.o)
    0x08000418   0x08000418   0x0000000c   Code   RO         5554    .text               c_w.l(sys_exit.o)
    0x08000424   0x08000424   0x00000002   Code   RO         5565    .text               c_w.l(use_no_semi.o)
    0x08000426   0x08000426   0x00000000   Code   RO         5567    .text               c_w.l(indicate_semi.o)
    0x08000426   0x08000426   0x00000002   PAD
    0x08000428   0x08000428   0x00000078   Code   RO         4723    i.Adc_Init          bsp.o
    0x080004a0   0x080004a0   0x00000004   Code   RO          261    i.BusFault_Handler  gd32c10x_it.o
    0x080004a4   0x080004a4   0x0000001c   Code   RO          262    i.CAN0_RX0_IRQHandler  gd32c10x_it.o
    0x080004c0   0x080004c0   0x00000018   Code   RO          263    i.CAN1_RX0_IRQHandler  gd32c10x_it.o
    0x080004d8   0x080004d8   0x0000008a   Code   RO         5195    i.DatToPWM          vpwm.o
    0x08000562   0x08000562   0x00000002   Code   RO          264    i.DebugMon_Handler  gd32c10x_it.o
    0x08000564   0x08000564   0x00000012   Code   RO         4971    i.Delay_ms          timer.o
    0x08000576   0x08000576   0x0000000c   Code   RO         4972    i.Delay_us          timer.o
    0x08000582   0x08000582   0x00000002   PAD
    0x08000584   0x08000584   0x000000f4   Code   RO          265    i.EXTI10_15_IRQHandler  gd32c10x_it.o
    0x08000678   0x08000678   0x0000001c   Code   RO         5197    i.GetHiBit          vpwm.o
    0x08000694   0x08000694   0x0000001a   Code   RO         5198    i.GetLowBit         vpwm.o
    0x080006ae   0x080006ae   0x0000001a   Code   RO         5199    i.GetPWMBit         vpwm.o
    0x080006c8   0x080006c8   0x00000036   Code   RO         5200    i.GetPWMBitToByte   vpwm.o
    0x080006fe   0x080006fe   0x00000002   PAD
    0x08000700   0x08000700   0x0000002c   Code   RO         4973    i.GetTimer6Cnt      timer.o
    0x0800072c   0x0800072c   0x0000007c   Code   RO         5201    i.GetVpwBitToByte   vpwm.o
    0x080007a8   0x080007a8   0x00000004   Code   RO          267    i.HardFault_Handler  gd32c10x_it.o
    0x080007ac   0x080007ac   0x0000003c   Code   RO         5202    i.J1850PWM_Init     vpwm.o
    0x080007e8   0x080007e8   0x00000138   Code   RO         5204    i.J1850_PWM_SendAndGet  vpwm.o
    0x08000920   0x08000920   0x00000050   Code   RO         5205    i.J1850_PWM_SendFrame  vpwm.o
    0x08000970   0x08000970   0x00000034   Code   RO         4725    i.Led_Init          bsp.o
    0x080009a4   0x080009a4   0x00000004   Code   RO          268    i.MemManage_Handler  gd32c10x_it.o
    0x080009a8   0x080009a8   0x00000002   Code   RO          269    i.NMI_Handler       gd32c10x_it.o
    0x080009aa   0x080009aa   0x00000002   PAD
    0x080009ac   0x080009ac   0x0000003c   Code   RO         5217    i.PWM_Update        vpwm.o
    0x080009e8   0x080009e8   0x00000002   Code   RO          270    i.PendSV_Handler    gd32c10x_it.o
    0x080009ea   0x080009ea   0x0000001c   Code   RO         4629    i.ReceiveUsbDate    cdc_acm_core.o
    0x08000a06   0x08000a06   0x00000002   Code   RO          271    i.SVC_Handler       gd32c10x_it.o
    0x08000a08   0x08000a08   0x00000002   Code   RO          272    i.SysTick_Handler   gd32c10x_it.o
    0x08000a0a   0x08000a0a   0x00000002   PAD
    0x08000a0c   0x08000a0c   0x000000a4   Code   RO          427    i.SystemInit        system_gd32c10x.o
    0x08000ab0   0x08000ab0   0x000000c0   Code   RO         4976    i.TIM1_CH0_Cap_Init  timer.o
    0x08000b70   0x08000b70   0x0000006c   Code   RO         4979    i.TIM5_config       timer.o
    0x08000bdc   0x08000bdc   0x0000006c   Code   RO         4980    i.TIM6_config       timer.o
    0x08000c48   0x08000c48   0x000001d4   Code   RO          273    i.TIMER0_BRK_TIMER8_IRQHandler  gd32c10x_it.o
    0x08000e1c   0x08000e1c   0x00000424   Code   RO          276    i.TIMER1_IRQHandler  gd32c10x_it.o
    0x08001240   0x08001240   0x00000008   Code   RO          277    i.TIMER2_IRQHandler  gd32c10x_it.o
    0x08001248   0x08001248   0x00000038   Code   RO          278    i.TIMER5_IRQHandler  gd32c10x_it.o
    0x08001280   0x08001280   0x00000038   Code   RO          279    i.TIMER6_IRQHandler  gd32c10x_it.o
    0x080012b8   0x080012b8   0x0000008c   Code   RO         4983    i.Time5Delayus      timer.o
    0x08001344   0x08001344   0x00000038   Code   RO         5221    i.ToPWM             vpwm.o
    0x0800137c   0x0800137c   0x00000048   Code   RO          280    i.USART1_IRQHandler  gd32c10x_it.o
    0x080013c4   0x080013c4   0x00000010   Code   RO          281    i.USBFS_IRQHandler  gd32c10x_it.o
    0x080013d4   0x080013d4   0x00000034   Code   RO          282    i.USBFS_WKUP_IRQHandler  gd32c10x_it.o
    0x08001408   0x08001408   0x00000004   Code   RO          283    i.UsageFault_Handler  gd32c10x_it.o
    0x0800140c   0x0800140c   0x00000014   Code   RO         4434    i._usb_bos_desc_get  usbd_enum.o
    0x08001420   0x08001420   0x00000022   Code   RO         4435    i._usb_config_desc_get  usbd_enum.o
    0x08001442   0x08001442   0x00000014   Code   RO         4436    i._usb_dev_desc_get  usbd_enum.o
    0x08001456   0x08001456   0x00000074   Code   RO         4437    i._usb_std_clearfeature  usbd_enum.o
    0x080014ca   0x080014ca   0x00000040   Code   RO         4438    i._usb_std_getconfiguration  usbd_enum.o
    0x0800150a   0x0800150a   0x00000002   PAD
    0x0800150c   0x0800150c   0x00000110   Code   RO         4439    i._usb_std_getdescriptor  usbd_enum.o
    0x0800161c   0x0800161c   0x0000003c   Code   RO         4440    i._usb_std_getinterface  usbd_enum.o
    0x08001658   0x08001658   0x000000c4   Code   RO         4441    i._usb_std_getstatus  usbd_enum.o
    0x0800171c   0x0800171c   0x00000006   Code   RO         4442    i._usb_std_reserved  usbd_enum.o
    0x08001722   0x08001722   0x0000005c   Code   RO         4443    i._usb_std_setaddress  usbd_enum.o
    0x0800177e   0x0800177e   0x00000002   PAD
    0x08001780   0x08001780   0x000000b4   Code   RO         4444    i._usb_std_setconfiguration  usbd_enum.o
    0x08001834   0x08001834   0x00000006   Code   RO         4445    i._usb_std_setdescriptor  usbd_enum.o
    0x0800183a   0x0800183a   0x00000068   Code   RO         4446    i._usb_std_setfeature  usbd_enum.o
    0x080018a2   0x080018a2   0x00000044   Code   RO         4447    i._usb_std_setinterface  usbd_enum.o
    0x080018e6   0x080018e6   0x00000006   Code   RO         4448    i._usb_std_synchframe  usbd_enum.o
    0x080018ec   0x080018ec   0x00000014   Code   RO         4449    i._usb_str_desc_get  usbd_enum.o
    0x08001900   0x08001900   0x0000002a   Code   RO          468    i.adc_calibration_enable  gd32c10x_adc.o
    0x0800192a   0x0800192a   0x00000046   Code   RO          469    i.adc_channel_length_config  gd32c10x_adc.o
    0x08001970   0x08001970   0x00000016   Code   RO          470    i.adc_data_alignment_config  gd32c10x_adc.o
    0x08001986   0x08001986   0x00000012   Code   RO          476    i.adc_enable        gd32c10x_adc.o
    0x08001998   0x08001998   0x0000003e   Code   RO          477    i.adc_external_trigger_config  gd32c10x_adc.o
    0x080019d6   0x080019d6   0x00000030   Code   RO          478    i.adc_external_trigger_source_config  gd32c10x_adc.o
    0x08001a06   0x08001a06   0x00000002   PAD
    0x08001a08   0x08001a08   0x0000001c   Code   RO          489    i.adc_mode_config   gd32c10x_adc.o
    0x08001a24   0x08001a24   0x000001c4   Code   RO          864    i.can_message_receive  gd32c10x_can.o
    0x08001be8   0x08001be8   0x00000022   Code   RO         4634    i.cdc_acm_deinit    cdc_acm_core.o
    0x08001c0a   0x08001c0a   0x00000002   PAD
    0x08001c0c   0x08001c0c   0x00000050   Code   RO         4635    i.cdc_acm_in        cdc_acm_core.o
    0x08001c5c   0x08001c5c   0x00000060   Code   RO         4636    i.cdc_acm_init      cdc_acm_core.o
    0x08001cbc   0x08001cbc   0x00000124   Code   RO         4637    i.cdc_acm_out       cdc_acm_core.o
    0x08001de0   0x08001de0   0x000000b0   Code   RO         4638    i.cdc_acm_req       cdc_acm_core.o
    0x08001e90   0x08001e90   0x00000052   Code   RO         4639    i.cdc_ctlx_out      cdc_acm_core.o
    0x08001ee2   0x08001ee2   0x00000002   PAD
    0x08001ee4   0x08001ee4   0x0000001c   Code   RO         1125    i.ctc_clock_limit_value_config  gd32c10x_ctc.o
    0x08001f00   0x08001f00   0x00000030   Code   RO          192    i.ctc_config        gd32c10x_hw.o
    0x08001f30   0x08001f30   0x00000014   Code   RO         1129    i.ctc_counter_enable  gd32c10x_ctc.o
    0x08001f44   0x08001f44   0x0000001c   Code   RO         1130    i.ctc_counter_reload_value_config  gd32c10x_ctc.o
    0x08001f60   0x08001f60   0x00000018   Code   RO         1134    i.ctc_flag_get      gd32c10x_ctc.o
    0x08001f78   0x08001f78   0x0000001c   Code   RO         1135    i.ctc_hardware_trim_mode_config  gd32c10x_ctc.o
    0x08001f94   0x08001f94   0x0000001c   Code   RO         1142    i.ctc_refsource_polarity_config  gd32c10x_ctc.o
    0x08001fb0   0x08001fb0   0x0000001c   Code   RO         1143    i.ctc_refsource_prescaler_config  gd32c10x_ctc.o
    0x08001fcc   0x08001fcc   0x0000001c   Code   RO         1144    i.ctc_refsource_signal_select  gd32c10x_ctc.o
    0x08001fe8   0x08001fe8   0x000000b8   Code   RO         1731    i.exti_init         gd32c10x_exti.o
    0x080020a0   0x080020a0   0x00000010   Code   RO         1733    i.exti_interrupt_enable  gd32c10x_exti.o
    0x080020b0   0x080020b0   0x0000000c   Code   RO         1734    i.exti_interrupt_flag_clear  gd32c10x_exti.o
    0x080020bc   0x080020bc   0x00000024   Code   RO         1735    i.exti_interrupt_flag_get  gd32c10x_exti.o
    0x080020e0   0x080020e0   0x00000004   Code   RO         2085    i.gpio_bit_reset    gd32c10x_gpio.o
    0x080020e4   0x080020e4   0x00000004   Code   RO         2086    i.gpio_bit_set      gd32c10x_gpio.o
    0x080020e8   0x080020e8   0x000000bc   Code   RO         2095    i.gpio_init         gd32c10x_gpio.o
    0x080021a4   0x080021a4   0x00000010   Code   RO         2096    i.gpio_input_bit_get  gd32c10x_gpio.o
    0x080021b4   0x080021b4   0x0000002c   Code   RO          193    i.hw_delay          gd32c10x_hw.o
    0x080021e0   0x080021e0   0x00000070   Code   RO          194    i.hw_time_set       gd32c10x_hw.o
    0x08002250   0x08002250   0x0000003c   Code   RO         4450    i.int_to_unicode    usbd_enum.o
    0x0800228c   0x0800228c   0x000000d8   Code   RO            3    i.main              app.o
    0x08002364   0x08002364   0x000000ac   Code   RO         2437    i.nvic_irq_enable   gd32c10x_misc.o
    0x08002410   0x08002410   0x00000014   Code   RO         2438    i.nvic_priority_group_set  gd32c10x_misc.o
    0x08002424   0x08002424   0x00000018   Code   RO         2439    i.nvic_vector_table_set  gd32c10x_misc.o
    0x0800243c   0x0800243c   0x000000c4   Code   RO         2500    i.pmu_to_deepsleepmode  gd32c10x_pmu.o
    0x08002500   0x08002500   0x0000006c   Code   RO         2585    i.rcu_adc_clock_config  gd32c10x_rcu.o
    0x0800256c   0x0800256c   0x0000001c   Code   RO         2592    i.rcu_ck48m_clock_config  gd32c10x_rcu.o
    0x08002588   0x08002588   0x00000180   Code   RO         2594    i.rcu_clock_freq_get  gd32c10x_rcu.o
    0x08002708   0x08002708   0x00000024   Code   RO         2597    i.rcu_flag_get      gd32c10x_rcu.o
    0x0800272c   0x0800272c   0x00000020   Code   RO         2611    i.rcu_osci_on       gd32c10x_rcu.o
    0x0800274c   0x0800274c   0x0000015c   Code   RO         2612    i.rcu_osci_stab_wait  gd32c10x_rcu.o
    0x080028a8   0x080028a8   0x00000020   Code   RO         2614    i.rcu_periph_clock_enable  gd32c10x_rcu.o
    0x080028c8   0x080028c8   0x00000020   Code   RO         2617    i.rcu_periph_reset_disable  gd32c10x_rcu.o
    0x080028e8   0x080028e8   0x00000020   Code   RO         2618    i.rcu_periph_reset_enable  gd32c10x_rcu.o
    0x08002908   0x08002908   0x00000018   Code   RO         2628    i.rcu_usb_clock_config  gd32c10x_rcu.o
    0x08002920   0x08002920   0x0000004c   Code   RO         4451    i.serial_string_get  usbd_enum.o
    0x0800296c   0x0800296c   0x000000fc   Code   RO          428    i.system_clock_120m_hxtal  system_gd32c10x.o
    0x08002a68   0x08002a68   0x00000008   Code   RO          429    i.system_clock_config  system_gd32c10x.o
    0x08002a70   0x08002a70   0x0000000a   Code   RO         3222    i.timer_auto_reload_shadow_enable  gd32c10x_timer.o
    0x08002a7a   0x08002a7a   0x0000002a   Code   RO         3230    i.timer_channel_capture_value_register_read  gd32c10x_timer.o
    0x08002aa4   0x08002aa4   0x0000005a   Code   RO         3236    i.timer_channel_input_capture_prescaler_config  gd32c10x_timer.o
    0x08002afe   0x08002afe   0x00000010   Code   RO         3237    i.timer_channel_input_struct_para_init  gd32c10x_timer.o
    0x08002b0e   0x08002b0e   0x00000002   PAD
    0x08002b10   0x08002b10   0x000001ec   Code   RO         3239    i.timer_channel_output_config  gd32c10x_timer.o
    0x08002cfc   0x08002cfc   0x0000005a   Code   RO         3241    i.timer_channel_output_mode_config  gd32c10x_timer.o
    0x08002d56   0x08002d56   0x0000005c   Code   RO         3242    i.timer_channel_output_polarity_config  gd32c10x_timer.o
    0x08002db2   0x08002db2   0x00000026   Code   RO         3243    i.timer_channel_output_pulse_value_config  gd32c10x_timer.o
    0x08002dd8   0x08002dd8   0x0000005a   Code   RO         3244    i.timer_channel_output_shadow_config  gd32c10x_timer.o
    0x08002e32   0x08002e32   0x00000010   Code   RO         3246    i.timer_channel_output_struct_para_init  gd32c10x_timer.o
    0x08002e42   0x08002e42   0x00000008   Code   RO         3249    i.timer_counter_read  gd32c10x_timer.o
    0x08002e4a   0x08002e4a   0x00000004   Code   RO         3251    i.timer_counter_value_config  gd32c10x_timer.o
    0x08002e4e   0x08002e4e   0x00000002   PAD
    0x08002e50   0x08002e50   0x00000184   Code   RO         3252    i.timer_deinit      gd32c10x_timer.o
    0x08002fd4   0x08002fd4   0x0000000a   Code   RO         3253    i.timer_disable     gd32c10x_timer.o
    0x08002fde   0x08002fde   0x0000000a   Code   RO         3257    i.timer_enable      gd32c10x_timer.o
    0x08002fe8   0x08002fe8   0x00000006   Code   RO         3264    i.timer_flag_clear  gd32c10x_timer.o
    0x08002fee   0x08002fee   0x00000010   Code   RO         3265    i.timer_flag_get    gd32c10x_timer.o
    0x08002ffe   0x08002ffe   0x00000002   PAD
    0x08003000   0x08003000   0x000000a4   Code   RO         3267    i.timer_init        gd32c10x_timer.o
    0x080030a4   0x080030a4   0x00000146   Code   RO         3268    i.timer_input_capture_config  gd32c10x_timer.o
    0x080031ea   0x080031ea   0x00000008   Code   RO         3273    i.timer_interrupt_disable  gd32c10x_timer.o
    0x080031f2   0x080031f2   0x00000008   Code   RO         3274    i.timer_interrupt_enable  gd32c10x_timer.o
    0x080031fa   0x080031fa   0x00000006   Code   RO         3275    i.timer_interrupt_flag_clear  gd32c10x_timer.o
    0x08003200   0x08003200   0x00000018   Code   RO         3276    i.timer_interrupt_flag_get  gd32c10x_timer.o
    0x08003218   0x08003218   0x00000016   Code   RO         3287    i.timer_struct_para_init  gd32c10x_timer.o
    0x0800322e   0x0800322e   0x0000000a   Code   RO         3665    i.usart_data_receive  gd32c10x_usart.o
    0x08003238   0x08003238   0x0000001a   Code   RO         3682    i.usart_interrupt_flag_clear  gd32c10x_usart.o
    0x08003252   0x08003252   0x00000038   Code   RO         3683    i.usart_interrupt_flag_get  gd32c10x_usart.o
    0x0800328a   0x0800328a   0x000000da   Code   RO         4095    i.usb_basic_init    drv_usb_core.o
    0x08003364   0x08003364   0x00000020   Code   RO         4169    i.usb_clock_active  drv_usb_dev.o
    0x08003384   0x08003384   0x000000b8   Code   RO         4096    i.usb_core_init     drv_usb_core.o
    0x0800343c   0x0800343c   0x00000026   Code   RO         4097    i.usb_core_reset    drv_usb_core.o
    0x08003462   0x08003462   0x00000002   PAD
    0x08003464   0x08003464   0x00000028   Code   RO         4170    i.usb_ctlep_startout  drv_usb_dev.o
    0x0800348c   0x0800348c   0x0000002e   Code   RO         4098    i.usb_curmode_set   drv_usb_core.o
    0x080034ba   0x080034ba   0x00000002   PAD
    0x080034bc   0x080034bc   0x00000150   Code   RO         4173    i.usb_devcore_init  drv_usb_dev.o
    0x0800360c   0x0800360c   0x00000040   Code   RO         4174    i.usb_devint_enable  drv_usb_dev.o
    0x0800364c   0x0800364c   0x0000002a   Code   RO         4175    i.usb_iepintr_read  drv_usb_dev.o
    0x08003676   0x08003676   0x00000044   Code   RO          195    i.usb_intr_config   gd32c10x_hw.o
    0x080036ba   0x080036ba   0x0000000e   Code   RO          196    i.usb_mdelay        gd32c10x_hw.o
    0x080036c8   0x080036c8   0x0000009c   Code   RO          197    i.usb_rcu_config    gd32c10x_hw.o
    0x08003764   0x08003764   0x00000022   Code   RO         4099    i.usb_rxfifo_flush  drv_usb_core.o
    0x08003786   0x08003786   0x0000001e   Code   RO         4100    i.usb_rxfifo_read   drv_usb_core.o
    0x080037a4   0x080037a4   0x00000048   Code   RO         4101    i.usb_set_txfifo    drv_usb_core.o
    0x080037ec   0x080037ec   0x00000028   Code   RO          198    i.usb_timer_init    gd32c10x_hw.o
    0x08003814   0x08003814   0x00000038   Code   RO          199    i.usb_timer_irq     gd32c10x_hw.o
    0x0800384c   0x0800384c   0x00000098   Code   RO         4178    i.usb_transc_active  drv_usb_dev.o
    0x080038e4   0x080038e4   0x00000044   Code   RO         4179    i.usb_transc_clrstall  drv_usb_dev.o
    0x08003928   0x08003928   0x00000064   Code   RO         4180    i.usb_transc_deactivate  drv_usb_dev.o
    0x0800398c   0x0800398c   0x0000010c   Code   RO         4181    i.usb_transc_inxfer  drv_usb_dev.o
    0x08003a98   0x08003a98   0x00000090   Code   RO         4182    i.usb_transc_outxfer  drv_usb_dev.o
    0x08003b28   0x08003b28   0x00000042   Code   RO         4183    i.usb_transc_stall  drv_usb_dev.o
    0x08003b6a   0x08003b6a   0x00000028   Code   RO         4102    i.usb_txfifo_flush  drv_usb_core.o
    0x08003b92   0x08003b92   0x00000022   Code   RO         4103    i.usb_txfifo_write  drv_usb_core.o
    0x08003bb4   0x08003bb4   0x0000000e   Code   RO          200    i.usb_udelay        gd32c10x_hw.o
    0x08003bc2   0x08003bc2   0x00000026   Code   RO         4452    i.usbd_class_request  usbd_enum.o
    0x08003be8   0x08003be8   0x0000001c   Code   RO         4348    i.usbd_connect      usbd_core.o
    0x08003c04   0x08003c04   0x0000002e   Code   RO         4572    i.usbd_ctl_recev    usbd_transc.o
    0x08003c32   0x08003c32   0x0000002e   Code   RO         4573    i.usbd_ctl_send     usbd_transc.o
    0x08003c60   0x08003c60   0x00000020   Code   RO         4574    i.usbd_ctl_status_recev  usbd_transc.o
    0x08003c80   0x08003c80   0x00000020   Code   RO         4575    i.usbd_ctl_status_send  usbd_transc.o
    0x08003ca0   0x08003ca0   0x0000001c   Code   RO         4349    i.usbd_disconnect   usbd_core.o
    0x08003cbc   0x08003cbc   0x0000008c   Code   RO         4282    i.usbd_emptytxfifo_write  drv_usbd_int.o
    0x08003d48   0x08003d48   0x0000001e   Code   RO         4453    i.usbd_enum_error   usbd_enum.o
    0x08003d66   0x08003d66   0x00000034   Code   RO         4350    i.usbd_ep_clear     usbd_core.o
    0x08003d9a   0x08003d9a   0x0000003c   Code   RO         4351    i.usbd_ep_recev     usbd_core.o
    0x08003dd6   0x08003dd6   0x0000003c   Code   RO         4352    i.usbd_ep_send      usbd_core.o
    0x08003e12   0x08003e12   0x00000002   PAD
    0x08003e14   0x08003e14   0x00000070   Code   RO         4353    i.usbd_ep_setup     usbd_core.o
    0x08003e84   0x08003e84   0x0000003a   Code   RO         4354    i.usbd_ep_stall     usbd_core.o
    0x08003ebe   0x08003ebe   0x0000003a   Code   RO         4355    i.usbd_ep_stall_clear  usbd_core.o
    0x08003ef8   0x08003ef8   0x000000a0   Code   RO         4576    i.usbd_in_transc    usbd_transc.o
    0x08003f98   0x08003f98   0x0000007c   Code   RO         4357    i.usbd_init         usbd_core.o
    0x08004014   0x08004014   0x00000068   Code   RO         4283    i.usbd_int_enumfinish  drv_usbd_int.o
    0x0800407c   0x0800407c   0x0000008a   Code   RO         4284    i.usbd_int_epin     drv_usbd_int.o
    0x08004106   0x08004106   0x000000ce   Code   RO         4285    i.usbd_int_epout    drv_usbd_int.o
    0x080041d4   0x080041d4   0x000000d8   Code   RO         4286    i.usbd_int_reset    drv_usbd_int.o
    0x080042ac   0x080042ac   0x000000b2   Code   RO         4287    i.usbd_int_rxfifo   drv_usbd_int.o
    0x0800435e   0x0800435e   0x00000066   Code   RO         4288    i.usbd_int_suspend  drv_usbd_int.o
    0x080043c4   0x080043c4   0x000000de   Code   RO         4289    i.usbd_isr          drv_usbd_int.o
    0x080044a2   0x080044a2   0x00000084   Code   RO         4577    i.usbd_out_transc   usbd_transc.o
    0x08004526   0x08004526   0x00000084   Code   RO         4578    i.usbd_setup_transc  usbd_transc.o
    0x080045aa   0x080045aa   0x00000002   PAD
    0x080045ac   0x080045ac   0x0000001c   Code   RO         4454    i.usbd_standard_request  usbd_enum.o
    0x080045c8   0x080045c8   0x00000006   Code   RO         4455    i.usbd_vendor_request  usbd_enum.o
    0x080045ce   0x080045ce   0x0000000a   Code   RO         5552    x$fpl$fpinit        fz_wm.l(fpinit.o)
    0x080045d8   0x080045d8   0x000000d8   Data   RO          879    .constdata          gd32c10x_can.o
    0x080046b0   0x080046b0   0x00000004   Data   RO         4184    .constdata          drv_usb_dev.o
    0x080046b4   0x080046b4   0x0000003c   Data   RO         4290    .constdata          drv_usbd_int.o
    0x080046f0   0x080046f0   0x00000010   Data   RO         4358    .constdata          usbd_core.o
    0x08004700   0x08004700   0x00000177   Data   RO         4641    .constdata          cdc_acm_core.o
    0x08004877   0x08004877   0x00000001   PAD
    0x08004878   0x08004878   0x00000020   Data   RO         5620    Region$$Table       anon$$obj.o


    Execution Region RW_IRAM1 (Exec base: 0x20000000, Load base: 0x08004898, Size: 0x000059f8, Max: 0x00008000, ABSOLUTE, COMPRESSED[0x00000074])

    Exec Addr    Load Addr    Size         Type   Attr      Idx    E Section Name        Object

    0x20000000   COMPRESSED   0x0000000c   Data   RW          201    .data               gd32c10x_hw.o
    0x2000000c   COMPRESSED   0x00000001   Data   RW          284    .data               gd32c10x_it.o
    0x2000000d   COMPRESSED   0x00000001   PAD
    0x2000000e   COMPRESSED   0x00000008   Data   RW         4185    .data               drv_usb_dev.o
    0x20000016   COMPRESSED   0x00000002   PAD
    0x20000018   COMPRESSED   0x00000043   Data   RW         4456    .data               usbd_enum.o
    0x2000005b   COMPRESSED   0x00000001   PAD
    0x2000005c   COMPRESSED   0x000000d8   Data   RW         4642    .data               cdc_acm_core.o
    0x20000134   COMPRESSED   0x00000047   Data   RW         4730    .data               bsp.o
    0x2000017b   COMPRESSED   0x00000001   PAD
    0x2000017c   COMPRESSED   0x00000011   Data   RW         5235    .data               vpwm.o
    0x2000018d   COMPRESSED   0x00000003   PAD
    0x20000190        -       0x0000043c   Zero   RW            4    .bss                app.o
    0x200005cc        -       0x00000010   Zero   RW         2505    .bss                gd32c10x_pmu.o
    0x200005dc        -       0x00000064   Zero   RW         4640    .bss                cdc_acm_core.o
    0x20000640        -       0x00003fe8   Zero   RW         4729    .bss                bsp.o
    0x20004628        -       0x00000b70   Zero   RW         5234    .bss                vpwm.o
    0x20005198        -       0x00000060   Zero   RW         5494    .bss                c_w.l(libspace.o)
    0x200051f8        -       0x00000400   Zero   RW         4715    HEAP                startup_gd32c10x.o
    0x200055f8        -       0x00000400   Zero   RW         4714    STACK               startup_gd32c10x.o


==============================================================================

Image component sizes


      Code (inc. data)   RO Data    RW Data    ZI Data      Debug   Object Name

       216         62          0          0       1084      96937   app.o
       172         16          0         71      16360       4084   bsp.o
       788         46        375        216        100       7772   cdc_acm_core.o
       696          6          0          0          0      21387   drv_usb_core.o
      1312         30          4          8          0      13540   drv_usb_dev.o
      1306         22         60          0          0      10211   drv_usbd_int.o
       290          6          0          0          0       4883   gd32c10x_adc.o
       452          4        216          0          0       2325   gd32c10x_can.o
       212         46          0          0          0       5124   gd32c10x_ctc.o
       248         20          0          0          0       2810   gd32c10x_exti.o
       212          0          0          0          0       2977   gd32c10x_gpio.o
       552         56          0         12          0       5720   gd32c10x_hw.o
      2110        158          0          1          0      13551   gd32c10x_it.o
       216         28          0          0          0       2216   gd32c10x_misc.o
       196         26          0          0         16        767   gd32c10x_pmu.o
      1056         94          0          0          0       7657   gd32c10x_rcu.o
      1976         52          0          0          0      18189   gd32c10x_timer.o
        92          0          0          0          0       2237   gd32c10x_usart.o
        64         26        336          0       2048        968   startup_gd32c10x.o
       424         40          0          0          0       2697   system_gd32c10x.o
       622         38          0          0          0       4268   timer.o
       580          6         16          0          0      12208   usbd_core.o
      1502         46          0         67          0      21154   usbd_enum.o
       580          0          0          0          0       5839   usbd_transc.o
       964         40          0         17       2928       8988   vpwm.o

    ----------------------------------------------------------------------
     16870        868       1040        400      22536     278509   Object Totals
         0          0         32          0          0          0   (incl. Generated)
        32          0          1          8          0          0   (incl. Padding)

    ----------------------------------------------------------------------

      Code (inc. data)   RO Data    RW Data    ZI Data      Debug   Library Member Name

        90          0          0          0          0          0   __dczerorl2.o
         8          0          0          0          0         68   __main.o
         0          0          0          0          0          0   __rtentry.o
        12          0          0          0          0          0   __rtentry2.o
         6          0          0          0          0          0   __rtentry4.o
        52          8          0          0          0          0   __scatter.o
        28          0          0          0          0          0   __scatter_zi.o
        18          0          0          0          0         80   exit.o
         6          0          0          0          0        152   heapauxi.o
         0          0          0          0          0          0   indicate_semi.o
         2          0          0          0          0          0   libinit.o
         6          0          0          0          0          0   libinit2.o
         2          0          0          0          0          0   libshutdown.o
         2          0          0          0          0          0   libshutdown2.o
         8          4          0          0         96         68   libspace.o
        78          0          0          0          0         80   rt_memclr_w.o
       138          0          0          0          0         68   rt_memcpy_v6.o
       100          0          0          0          0         80   rt_memcpy_w.o
         2          0          0          0          0          0   rtexit.o
        10          0          0          0          0          0   rtexit2.o
        12          4          0          0          0         68   sys_exit.o
        74          0          0          0          0         80   sys_stackheap_outer.o
         2          0          0          0          0         68   use_no_semi.o
        10          0          0          0          0        116   fpinit.o

    ----------------------------------------------------------------------
       674         16          0          0         96        928   Library Totals
         8          0          0          0          0          0   (incl. Padding)

    ----------------------------------------------------------------------

      Code (inc. data)   RO Data    RW Data    ZI Data      Debug   Library Name

       656         16          0          0         96        812   c_w.l
        10          0          0          0          0        116   fz_wm.l

    ----------------------------------------------------------------------
       674         16          0          0         96        928   Library Totals

    ----------------------------------------------------------------------

==============================================================================


      Code (inc. data)   RO Data    RW Data    ZI Data      Debug   

     17544        884       1040        400      22632     260525   Grand Totals
     17544        884       1040        116      22632     260525   ELF Image Totals (compressed)
     17544        884       1040        116          0          0   ROM Totals

==============================================================================

    Total RO  Size (Code + RO Data)                18584 (  18.15kB)
    Total RW  Size (RW Data + ZI Data)             23032 (  22.49kB)
    Total ROM Size (Code + RO Data + RW Data)      18700 (  18.26kB)

==============================================================================

